
> frontend@0.0.0 test
> jest --coverage

node.exe : FAIL src/tests/components/Dashboard.test.jsx
En línea: 1 Carácter: 1
+ & "C:\Program Files\nodejs/node.exe" "C:\Program Files\nodejs/node_mo ...
+ ~~~~~~~~~~~~~~~~~~~~~~~~~~~~~~~~~~~~~~~~~~~~~~~~~~~~~~~~~~~~~~~~~~~~~
    + CategoryInfo          : NotSpecified: (FAIL src/tests/...hboard.test.jsx:String) [], RemoteException
    + FullyQualifiedErrorId : NativeCommandError
 
  ÔùÅ Test suite failed to run

    Cannot find module '../../DashboardAdmin.jsx' from 'src/tests/components/Dashboard.test.jsx'

    [0m [90m 2 |[39m [36mimport[39m { render[33m,[39m screen[33m,[39m fireEvent[33m,[39m waitFor } [36mfrom[39m 
[32m'@testing-library/react'[39m[33m;[39m
     [90m 3 |[39m [36mimport[39m userEvent [36mfrom[39m [32m'@testing-library/user-event'[39m[33m;[39m
    [31m[1m>[22m[39m[90m 4 |[39m [36mimport[39m [33mDashboardAdmin[39m [36mfrom[39m [32m'../../DashboardAdmin.jsx'[39m[33m;[39m
     [90m   |[39m [31m[1m^[22m[39m
     [90m 5 |[39m [36mimport[39m [33mDashboardTutor[39m [36mfrom[39m [32m'../../DashboardTutor.jsx'[39m[33m;[39m
     [90m 6 |[39m [36mimport[39m [33mDashboardAlumno[39m [36mfrom[39m [32m'../../DashboardAlumno.jsx'[39m[33m;[39m
     [90m 7 |[39m[0m

      at Resolver._throwModNotFoundError (node_modules/jest-resolve/build/index.js:863:11)
      at Object.require (src/tests/components/Dashboard.test.jsx:4:1)

FAIL src/tests/components/Login.test.jsx
  Login Component
    ÔêÜ debe renderizar el componente de login correctamente (80 ms)
    ├ù debe abrir modal de login al hacer click en Iniciar Sesi├│n (15 ms)
    ├ù debe mostrar error si los campos est├ín vac├¡os (9 ms)
    ├ù debe validar longitud m├¡nima de usuario y contrase├▒a (10 ms)
    ├ù debe realizar login exitoso con credenciales correctas (8 ms)
    ├ù debe mostrar error con credenciales incorrectas (7 ms)
    ├ù debe manejar error de conexi├│n al servidor (6 ms)
    ├ù debe deshabilitar bot├│n mientras est├í cargando (6 ms)
    ├ù debe abrir modal de registro (83 ms)
    ├ù debe validar todos los campos en registro (1141 ms)
    ├ù debe validar longitud m├¡nima en registro (95 ms)
    ├ù debe cerrar modal al hacer click en cerrar (11 ms)

  ÔùÅ Login Component ÔÇ║ debe abrir modal de login al hacer click en Iniciar Sesi├│n

    TestingLibraryElementError: Unable to find an element with the text: /Iniciar Sesi├│n/i. This could be because the text is broken up by multiple 
elements. In this case, you can provide a function for your text matcher to make your matcher more flexible.

    Ignored nodes: comments, script, style
    [36m<body>[39m
      [36m<div>[39m
        [36m<div[39m
          [33mclass[39m=[32m"welcome-container"[39m
        [36m>[39m
          [36m<div[39m
            [33mclass[39m=[32m"animated-background"[39m
          [36m>[39m
            [36m<div[39m
              [33mclass[39m=[32m"particle"[39m
            [36m/>[39m
            [36m<div[39m
              [33mclass[39m=[32m"particle"[39m
            [36m/>[39m
            [36m<div[39m
              [33mclass[39m=[32m"particle"[39m
            [36m/>[39m
            [36m<div[39m
              [33mclass[39m=[32m"particle"[39m
            [36m/>[39m
            [36m<div[39m
              [33mclass[39m=[32m"particle"[39m
            [36m/>[39m
            [36m<div[39m
              [33mclass[39m=[32m"particle"[39m
            [36m/>[39m
            [36m<div[39m
              [33mclass[39m=[32m"particle"[39m
            [36m/>[39m
            [36m<div[39m
              [33mclass[39m=[32m"particle"[39m
            [36m/>[39m
          [36m</div>[39m
          [36m<div[39m
            [33mclass[39m=[32m"welcome-content"[39m
          [36m>[39m
            [36m<header[39m
              [33mclass[39m=[32m"welcome-header"[39m
            [36m>[39m
              [36m<div[39m
                [33mclass[39m=[32m"logo-container"[39m
              [36m>[39m
                [36m<div[39m
                  [33mclass[39m=[32m"logo-circle"[39m
                [36m/>[39m
                [36m<h1[39m
                  [33mclass[39m=[32m"main-title"[39m
                [36m>[39m
                  [0mSistema de Tutorias ITSJ[0m
                [36m</h1>[39m
              [36m</div>[39m
              [36m<p[39m
                [33mclass[39m=[32m"subtitle"[39m
              [36m/>[39m
            [36m</header>[39m
            [36m<div[39m
              [33mclass[39m=[32m"welcome-card"[39m
            [36m>[39m
              [36m<h2[39m
                [33mclass[39m=[32m"welcome-message"[39m
              [36m>[39m
                [0mBienvenido al Sistema de Tutorias ITSJ[0m
              [36m</h2>[39m
              [36m<p[39m
                [33mclass[39m=[32m"welcome-description"[39m
              [36m>[39m
                [0mAccede con tu cuenta o registrate para comenzar a utilizar todas las funcionalidades del sistema educativo.[0m
              [36m</p>[39m
              [36m<div[39m
                [33mclass[39m=[32m"button-container"[39m
              [36m>[39m
                [36m<button[39m
                  [33mclass[39m=[32m"welcome-button login-btn"[39m
                [36m>[39m
                  [36m<span[39m
                    [33mclass[39m=[32m"button-icon-text"[39m
                  [36m>[39m
                    [0mIniciar Sesion[0m
                  [36m</span>[39m
                [36m</button>[39m
                [36m<button[39m
                  [33mclass[39m=[32m"welcome-button register-btn"[39m
                [36m>[39m
                  [36m<span[39m
                    [33mclass[39m=[32m"button-icon-text"[39m
                  [36m>[39m
                    [0mRegistrarse[0m
                  [36m</span>[39m
                [36m</button>[39m
              [36m</div>[39m
            [36m</div>[39m
            [36m<footer[39m
              [33mclass[39m=[32m"welcome-footer"[39m
            [36m>[39m
              [36m<div[39m
                [33mclass[39m=[32m"footer-content"[39m
              [36m>[39m
                [36m<p>[39m
                  [0mNecesitas ayuda?[0m
                [36m</p>[39m
                [36m<a[39m
                  [33mclass[39m=[32m"footer-link"[39m
                  [33mhref[39m=[32m"#contact"[39m
                [36m>[39m
                  [36m<span[39m
                    [33mclass[39m=[32m"link-text"[39m
                  [36m>[39m
                    [0mContactanos[0m
                  [36m</span>[39m
                [36m</a>[39m
              [36m</div>[39m
            [36m</footer>[39m
          [36m</div>[39m
        [36m</div>[39m
      [36m</div>[39m
    [36m</body>[39m

    [0m [90m 32 |[39m     render([33m<[39m[33mLogin[39m onLoginSuccess[33m=[39m{mockOnLoginSuccess} [33m/[39m[33m>[39m)[33m;[39m
     [90m 33 |[39m     
    [31m[1m>[22m[39m[90m 34 |[39m     [36mconst[39m loginButton [33m=[39m screen[33m.[39mgetByText([35m/Iniciar Sesi├│n/i[39m)[33m;[39m
     [90m    |[39m                                [31m[1m^[22m[39m
     [90m 35 |[39m     [36mawait[39m user[33m.[39mclick(loginButton)[33m;[39m
     [90m 36 |[39m     
     [90m 37 |[39m     expect(screen[33m.[39mgetByPlaceholderText([35m/Usuario/i[39m))[33m.[39mtoBeInTheDocument()[33m;[39m[0m

      at Object.getElementError (node_modules/@testing-library/dom/dist/config.js:37:19)
      at node_modules/@testing-library/dom/dist/query-helpers.js:76:38
      at node_modules/@testing-library/dom/dist/query-helpers.js:52:17
      at node_modules/@testing-library/dom/dist/query-helpers.js:95:19
      at Object.getByText (src/tests/components/Login.test.jsx:34:32)

  ÔùÅ Login Component ÔÇ║ debe mostrar error si los campos est├ín vac├¡os

    TestingLibraryElementError: Unable to find an element with the text: /Iniciar Sesi├│n/i. This could be because the text is broken up by multiple 
elements. In this case, you can provide a function for your text matcher to make your matcher more flexible.

    Ignored nodes: comments, script, style
    [36m<body>[39m
      [36m<div>[39m
        [36m<div[39m
          [33mclass[39m=[32m"welcome-container"[39m
        [36m>[39m
          [36m<div[39m
            [33mclass[39m=[32m"animated-background"[39m
          [36m>[39m
            [36m<div[39m
              [33mclass[39m=[32m"particle"[39m
            [36m/>[39m
            [36m<div[39m
              [33mclass[39m=[32m"particle"[39m
            [36m/>[39m
            [36m<div[39m
              [33mclass[39m=[32m"particle"[39m
            [36m/>[39m
            [36m<div[39m
              [33mclass[39m=[32m"particle"[39m
            [36m/>[39m
            [36m<div[39m
              [33mclass[39m=[32m"particle"[39m
            [36m/>[39m
            [36m<div[39m
              [33mclass[39m=[32m"particle"[39m
            [36m/>[39m
            [36m<div[39m
              [33mclass[39m=[32m"particle"[39m
            [36m/>[39m
            [36m<div[39m
              [33mclass[39m=[32m"particle"[39m
            [36m/>[39m
          [36m</div>[39m
          [36m<div[39m
            [33mclass[39m=[32m"welcome-content"[39m
          [36m>[39m
            [36m<header[39m
              [33mclass[39m=[32m"welcome-header"[39m
            [36m>[39m
              [36m<div[39m
                [33mclass[39m=[32m"logo-container"[39m
              [36m>[39m
                [36m<div[39m
                  [33mclass[39m=[32m"logo-circle"[39m
                [36m/>[39m
                [36m<h1[39m
                  [33mclass[39m=[32m"main-title"[39m
                [36m>[39m
                  [0mSistema de Tutorias ITSJ[0m
                [36m</h1>[39m
              [36m</div>[39m
              [36m<p[39m
                [33mclass[39m=[32m"subtitle"[39m
              [36m/>[39m
            [36m</header>[39m
            [36m<div[39m
              [33mclass[39m=[32m"welcome-card"[39m
            [36m>[39m
              [36m<h2[39m
                [33mclass[39m=[32m"welcome-message"[39m
              [36m>[39m
                [0mBienvenido al Sistema de Tutorias ITSJ[0m
              [36m</h2>[39m
              [36m<p[39m
                [33mclass[39m=[32m"welcome-description"[39m
              [36m>[39m
                [0mAccede con tu cuenta o registrate para comenzar a utilizar todas las funcionalidades del sistema educativo.[0m
              [36m</p>[39m
              [36m<div[39m
                [33mclass[39m=[32m"button-container"[39m
              [36m>[39m
                [36m<button[39m
                  [33mclass[39m=[32m"welcome-button login-btn"[39m
                [36m>[39m
                  [36m<span[39m
                    [33mclass[39m=[32m"button-icon-text"[39m
                  [36m>[39m
                    [0mIniciar Sesion[0m
                  [36m</span>[39m
                [36m</button>[39m
                [36m<button[39m
                  [33mclass[39m=[32m"welcome-button register-btn"[39m
                [36m>[39m
                  [36m<span[39m
                    [33mclass[39m=[32m"button-icon-text"[39m
                  [36m>[39m
                    [0mRegistrarse[0m
                  [36m</span>[39m
                [36m</button>[39m
              [36m</div>[39m
            [36m</div>[39m
            [36m<footer[39m
              [33mclass[39m=[32m"welcome-footer"[39m
            [36m>[39m
              [36m<div[39m
                [33mclass[39m=[32m"footer-content"[39m
              [36m>[39m
                [36m<p>[39m
                  [0mNecesitas ayuda?[0m
                [36m</p>[39m
                [36m<a[39m
                  [33mclass[39m=[32m"footer-link"[39m
                  [33mhref[39m=[32m"#contact"[39m
                [36m>[39m
                  [36m<span[39m
                    [33mclass[39m=[32m"link-text"[39m
                  [36m>[39m
                    [0mContactanos[0m
                  [36m</span>[39m
                [36m</a>[39m
              [36m</div>[39m
            [36m</footer>[39m
          [36m</div>[39m
        [36m</div>[39m
      [36m</div>[39m
    [36m</body>[39m

    [0m [90m 44 |[39m     
     [90m 45 |[39m     [90m// Abrir modal[39m
    [31m[1m>[22m[39m[90m 46 |[39m     [36mawait[39m user[33m.[39mclick(screen[33m.[39mgetByText([35m/Iniciar Sesi├│n/i[39m))[33m;[39m
     [90m    |[39m                             [31m[1m^[22m[39m
     [90m 47 |[39m     
     [90m 48 |[39m     [90m// Hacer submit sin llenar campos[39m
     [90m 49 |[39m     [36mconst[39m submitButton [33m=[39m screen[33m.[39mgetByRole([32m'button'[39m[33m,[39m { name[33m:[39m 
[35m/Entrar/i[39m })[33m;[39m[0m

      at Object.getElementError (node_modules/@testing-library/dom/dist/config.js:37:19)
      at node_modules/@testing-library/dom/dist/query-helpers.js:76:38
      at node_modules/@testing-library/dom/dist/query-helpers.js:52:17
      at node_modules/@testing-library/dom/dist/query-helpers.js:95:19
      at Object.getByText (src/tests/components/Login.test.jsx:46:29)

  ÔùÅ Login Component ÔÇ║ debe validar longitud m├¡nima de usuario y contrase├▒a

    TestingLibraryElementError: Unable to find an element with the text: /Iniciar Sesi├│n/i. This could be because the text is broken up by multiple 
elements. In this case, you can provide a function for your text matcher to make your matcher more flexible.

    Ignored nodes: comments, script, style
    [36m<body>[39m
      [36m<div>[39m
        [36m<div[39m
          [33mclass[39m=[32m"welcome-container"[39m
        [36m>[39m
          [36m<div[39m
            [33mclass[39m=[32m"animated-background"[39m
          [36m>[39m
            [36m<div[39m
              [33mclass[39m=[32m"particle"[39m
            [36m/>[39m
            [36m<div[39m
              [33mclass[39m=[32m"particle"[39m
            [36m/>[39m
            [36m<div[39m
              [33mclass[39m=[32m"particle"[39m
            [36m/>[39m
            [36m<div[39m
              [33mclass[39m=[32m"particle"[39m
            [36m/>[39m
            [36m<div[39m
              [33mclass[39m=[32m"particle"[39m
            [36m/>[39m
            [36m<div[39m
              [33mclass[39m=[32m"particle"[39m
            [36m/>[39m
            [36m<div[39m
              [33mclass[39m=[32m"particle"[39m
            [36m/>[39m
            [36m<div[39m
              [33mclass[39m=[32m"particle"[39m
            [36m/>[39m
          [36m</div>[39m
          [36m<div[39m
            [33mclass[39m=[32m"welcome-content"[39m
          [36m>[39m
            [36m<header[39m
              [33mclass[39m=[32m"welcome-header"[39m
            [36m>[39m
              [36m<div[39m
                [33mclass[39m=[32m"logo-container"[39m
              [36m>[39m
                [36m<div[39m
                  [33mclass[39m=[32m"logo-circle"[39m
                [36m/>[39m
                [36m<h1[39m
                  [33mclass[39m=[32m"main-title"[39m
                [36m>[39m
                  [0mSistema de Tutorias ITSJ[0m
                [36m</h1>[39m
              [36m</div>[39m
              [36m<p[39m
                [33mclass[39m=[32m"subtitle"[39m
              [36m/>[39m
            [36m</header>[39m
            [36m<div[39m
              [33mclass[39m=[32m"welcome-card"[39m
            [36m>[39m
              [36m<h2[39m
                [33mclass[39m=[32m"welcome-message"[39m
              [36m>[39m
                [0mBienvenido al Sistema de Tutorias ITSJ[0m
              [36m</h2>[39m
              [36m<p[39m
                [33mclass[39m=[32m"welcome-description"[39m
              [36m>[39m
                [0mAccede con tu cuenta o registrate para comenzar a utilizar todas las funcionalidades del sistema educativo.[0m
              [36m</p>[39m
              [36m<div[39m
                [33mclass[39m=[32m"button-container"[39m
              [36m>[39m
                [36m<button[39m
                  [33mclass[39m=[32m"welcome-button login-btn"[39m
                [36m>[39m
                  [36m<span[39m
                    [33mclass[39m=[32m"button-icon-text"[39m
                  [36m>[39m
                    [0mIniciar Sesion[0m
                  [36m</span>[39m
                [36m</button>[39m
                [36m<button[39m
                  [33mclass[39m=[32m"welcome-button register-btn"[39m
                [36m>[39m
                  [36m<span[39m
                    [33mclass[39m=[32m"button-icon-text"[39m
                  [36m>[39m
                    [0mRegistrarse[0m
                  [36m</span>[39m
                [36m</button>[39m
              [36m</div>[39m
            [36m</div>[39m
            [36m<footer[39m
              [33mclass[39m=[32m"welcome-footer"[39m
            [36m>[39m
              [36m<div[39m
                [33mclass[39m=[32m"footer-content"[39m
              [36m>[39m
                [36m<p>[39m
                  [0mNecesitas ayuda?[0m
                [36m</p>[39m
                [36m<a[39m
                  [33mclass[39m=[32m"footer-link"[39m
                  [33mhref[39m=[32m"#contact"[39m
                [36m>[39m
                  [36m<span[39m
                    [33mclass[39m=[32m"link-text"[39m
                  [36m>[39m
                    [0mContactanos[0m
                  [36m</span>[39m
                [36m</a>[39m
              [36m</div>[39m
            [36m</footer>[39m
          [36m</div>[39m
        [36m</div>[39m
      [36m</div>[39m
    [36m</body>[39m

    [0m [90m 59 |[39m     render([33m<[39m[33mLogin[39m onLoginSuccess[33m=[39m{mockOnLoginSuccess} [33m/[39m[33m>[39m)[33m;[39m
     [90m 60 |[39m     
    [31m[1m>[22m[39m[90m 61 |[39m     [36mawait[39m user[33m.[39mclick(screen[33m.[39mgetByText([35m/Iniciar Sesi├│n/i[39m))[33m;[39m
     [90m    |[39m                             [31m[1m^[22m[39m
     [90m 62 |[39m     
     [90m 63 |[39m     [36mconst[39m usernameInput [33m=[39m screen[33m.[39mgetByPlaceholderText([35m/Usuario/i[39m)[33m;[39m
     [90m 64 |[39m     [36mconst[39m passwordInput [33m=[39m screen[33m.[39mgetByPlaceholderText([35m/Contrase├▒a/i[39m)[33m;[39m[0m

      at Object.getElementError (node_modules/@testing-library/dom/dist/config.js:37:19)
      at node_modules/@testing-library/dom/dist/query-helpers.js:76:38
      at node_modules/@testing-library/dom/dist/query-helpers.js:52:17
      at node_modules/@testing-library/dom/dist/query-helpers.js:95:19
      at Object.getByText (src/tests/components/Login.test.jsx:61:29)

  ÔùÅ Login Component ÔÇ║ debe realizar login exitoso con credenciales correctas

    TestingLibraryElementError: Unable to find an element with the text: /Iniciar Sesi├│n/i. This could be because the text is broken up by multiple 
elements. In this case, you can provide a function for your text matcher to make your matcher more flexible.

    Ignored nodes: comments, script, style
    [36m<body>[39m
      [36m<div>[39m
        [36m<div[39m
          [33mclass[39m=[32m"welcome-container"[39m
        [36m>[39m
          [36m<div[39m
            [33mclass[39m=[32m"animated-background"[39m
          [36m>[39m
            [36m<div[39m
              [33mclass[39m=[32m"particle"[39m
            [36m/>[39m
            [36m<div[39m
              [33mclass[39m=[32m"particle"[39m
            [36m/>[39m
            [36m<div[39m
              [33mclass[39m=[32m"particle"[39m
            [36m/>[39m
            [36m<div[39m
              [33mclass[39m=[32m"particle"[39m
            [36m/>[39m
            [36m<div[39m
              [33mclass[39m=[32m"particle"[39m
            [36m/>[39m
            [36m<div[39m
              [33mclass[39m=[32m"particle"[39m
            [36m/>[39m
            [36m<div[39m
              [33mclass[39m=[32m"particle"[39m
            [36m/>[39m
            [36m<div[39m
              [33mclass[39m=[32m"particle"[39m
            [36m/>[39m
          [36m</div>[39m
          [36m<div[39m
            [33mclass[39m=[32m"welcome-content"[39m
          [36m>[39m
            [36m<header[39m
              [33mclass[39m=[32m"welcome-header"[39m
            [36m>[39m
              [36m<div[39m
                [33mclass[39m=[32m"logo-container"[39m
              [36m>[39m
                [36m<div[39m
                  [33mclass[39m=[32m"logo-circle"[39m
                [36m/>[39m
                [36m<h1[39m
                  [33mclass[39m=[32m"main-title"[39m
                [36m>[39m
                  [0mSistema de Tutorias ITSJ[0m
                [36m</h1>[39m
              [36m</div>[39m
              [36m<p[39m
                [33mclass[39m=[32m"subtitle"[39m
              [36m/>[39m
            [36m</header>[39m
            [36m<div[39m
              [33mclass[39m=[32m"welcome-card"[39m
            [36m>[39m
              [36m<h2[39m
                [33mclass[39m=[32m"welcome-message"[39m
              [36m>[39m
                [0mBienvenido al Sistema de Tutorias ITSJ[0m
              [36m</h2>[39m
              [36m<p[39m
                [33mclass[39m=[32m"welcome-description"[39m
              [36m>[39m
                [0mAccede con tu cuenta o registrate para comenzar a utilizar todas las funcionalidades del sistema educativo.[0m
              [36m</p>[39m
              [36m<div[39m
                [33mclass[39m=[32m"button-container"[39m
              [36m>[39m
                [36m<button[39m
                  [33mclass[39m=[32m"welcome-button login-btn"[39m
                [36m>[39m
                  [36m<span[39m
                    [33mclass[39m=[32m"button-icon-text"[39m
                  [36m>[39m
                    [0mIniciar Sesion[0m
                  [36m</span>[39m
                [36m</button>[39m
                [36m<button[39m
                  [33mclass[39m=[32m"welcome-button register-btn"[39m
                [36m>[39m
                  [36m<span[39m
                    [33mclass[39m=[32m"button-icon-text"[39m
                  [36m>[39m
                    [0mRegistrarse[0m
                  [36m</span>[39m
                [36m</button>[39m
              [36m</div>[39m
            [36m</div>[39m
            [36m<footer[39m
              [33mclass[39m=[32m"welcome-footer"[39m
            [36m>[39m
              [36m<div[39m
                [33mclass[39m=[32m"footer-content"[39m
              [36m>[39m
                [36m<p>[39m
                  [0mNecesitas ayuda?[0m
                [36m</p>[39m
                [36m<a[39m
                  [33mclass[39m=[32m"footer-link"[39m
                  [33mhref[39m=[32m"#contact"[39m
                [36m>[39m
                  [36m<span[39m
                    [33mclass[39m=[32m"link-text"[39m
                  [36m>[39m
                    [0mContactanos[0m
                  [36m</span>[39m
                [36m</a>[39m
              [36m</div>[39m
            [36m</footer>[39m
          [36m</div>[39m
        [36m</div>[39m
      [36m</div>[39m
    [36m</body>[39m

    [0m [90m  95 |[39m     render([33m<[39m[33mLogin[39m onLoginSuccess[33m=[39m{mockOnLoginSuccess} [33m/[39m[33m>[39m)[33m;[39m
     [90m  96 |[39m     
    [31m[1m>[22m[39m[90m  97 |[39m     [36mawait[39m user[33m.[39mclick(screen[33m.[39mgetByText([35m/Iniciar Sesi├│n/i[39m))[33m;[39m
     [90m     |[39m                             [31m[1m^[22m[39m
     [90m  98 |[39m     
     [90m  99 |[39m     [36mconst[39m usernameInput [33m=[39m screen[33m.[39mgetByPlaceholderText([35m/Usuario/i[39m)[33m;[39m
     [90m 100 |[39m     [36mconst[39m passwordInput [33m=[39m screen[33m.[39mgetByPlaceholderText([35m/Contrase├▒a/i[39m)[33m;[39m[0m

      at Object.getElementError (node_modules/@testing-library/dom/dist/config.js:37:19)
      at node_modules/@testing-library/dom/dist/query-helpers.js:76:38
      at node_modules/@testing-library/dom/dist/query-helpers.js:52:17
      at node_modules/@testing-library/dom/dist/query-helpers.js:95:19
      at Object.getByText (src/tests/components/Login.test.jsx:97:29)

  ÔùÅ Login Component ÔÇ║ debe mostrar error con credenciales incorrectas

    TestingLibraryElementError: Unable to find an element with the text: /Iniciar Sesi├│n/i. This could be because the text is broken up by multiple 
elements. In this case, you can provide a function for your text matcher to make your matcher more flexible.

    Ignored nodes: comments, script, style
    [36m<body>[39m
      [36m<div>[39m
        [36m<div[39m
          [33mclass[39m=[32m"welcome-container"[39m
        [36m>[39m
          [36m<div[39m
            [33mclass[39m=[32m"animated-background"[39m
          [36m>[39m
            [36m<div[39m
              [33mclass[39m=[32m"particle"[39m
            [36m/>[39m
            [36m<div[39m
              [33mclass[39m=[32m"particle"[39m
            [36m/>[39m
            [36m<div[39m
              [33mclass[39m=[32m"particle"[39m
            [36m/>[39m
            [36m<div[39m
              [33mclass[39m=[32m"particle"[39m
            [36m/>[39m
            [36m<div[39m
              [33mclass[39m=[32m"particle"[39m
            [36m/>[39m
            [36m<div[39m
              [33mclass[39m=[32m"particle"[39m
            [36m/>[39m
            [36m<div[39m
              [33mclass[39m=[32m"particle"[39m
            [36m/>[39m
            [36m<div[39m
              [33mclass[39m=[32m"particle"[39m
            [36m/>[39m
          [36m</div>[39m
          [36m<div[39m
            [33mclass[39m=[32m"welcome-content"[39m
          [36m>[39m
            [36m<header[39m
              [33mclass[39m=[32m"welcome-header"[39m
            [36m>[39m
              [36m<div[39m
                [33mclass[39m=[32m"logo-container"[39m
              [36m>[39m
                [36m<div[39m
                  [33mclass[39m=[32m"logo-circle"[39m
                [36m/>[39m
                [36m<h1[39m
                  [33mclass[39m=[32m"main-title"[39m
                [36m>[39m
                  [0mSistema de Tutorias ITSJ[0m
                [36m</h1>[39m
              [36m</div>[39m
              [36m<p[39m
                [33mclass[39m=[32m"subtitle"[39m
              [36m/>[39m
            [36m</header>[39m
            [36m<div[39m
              [33mclass[39m=[32m"welcome-card"[39m
            [36m>[39m
              [36m<h2[39m
                [33mclass[39m=[32m"welcome-message"[39m
              [36m>[39m
                [0mBienvenido al Sistema de Tutorias ITSJ[0m
              [36m</h2>[39m
              [36m<p[39m
                [33mclass[39m=[32m"welcome-description"[39m
              [36m>[39m
                [0mAccede con tu cuenta o registrate para comenzar a utilizar todas las funcionalidades del sistema educativo.[0m
              [36m</p>[39m
              [36m<div[39m
                [33mclass[39m=[32m"button-container"[39m
              [36m>[39m
                [36m<button[39m
                  [33mclass[39m=[32m"welcome-button login-btn"[39m
                [36m>[39m
                  [36m<span[39m
                    [33mclass[39m=[32m"button-icon-text"[39m
                  [36m>[39m
                    [0mIniciar Sesion[0m
                  [36m</span>[39m
                [36m</button>[39m
                [36m<button[39m
                  [33mclass[39m=[32m"welcome-button register-btn"[39m
                [36m>[39m
                  [36m<span[39m
                    [33mclass[39m=[32m"button-icon-text"[39m
                  [36m>[39m
                    [0mRegistrarse[0m
                  [36m</span>[39m
                [36m</button>[39m
              [36m</div>[39m
            [36m</div>[39m
            [36m<footer[39m
              [33mclass[39m=[32m"welcome-footer"[39m
            [36m>[39m
              [36m<div[39m
                [33mclass[39m=[32m"footer-content"[39m
              [36m>[39m
                [36m<p>[39m
                  [0mNecesitas ayuda?[0m
                [36m</p>[39m
                [36m<a[39m
                  [33mclass[39m=[32m"footer-link"[39m
                  [33mhref[39m=[32m"#contact"[39m
                [36m>[39m
                  [36m<span[39m
                    [33mclass[39m=[32m"link-text"[39m
                  [36m>[39m
                    [0mContactanos[0m
                  [36m</span>[39m
                [36m</a>[39m
              [36m</div>[39m
            [36m</footer>[39m
          [36m</div>[39m
        [36m</div>[39m
      [36m</div>[39m
    [36m</body>[39m

    [0m [90m 143 |[39m     render([33m<[39m[33mLogin[39m onLoginSuccess[33m=[39m{mockOnLoginSuccess} [33m/[39m[33m>[39m)[33m;[39m
     [90m 144 |[39m     
    [31m[1m>[22m[39m[90m 145 |[39m     [36mawait[39m user[33m.[39mclick(screen[33m.[39mgetByText([35m/Iniciar Sesi├│n/i[39m))[33m;[39m
     [90m     |[39m                             [31m[1m^[22m[39m
     [90m 146 |[39m     
     [90m 147 |[39m     [36mconst[39m usernameInput [33m=[39m screen[33m.[39mgetByPlaceholderText([35m/Usuario/i[39m)[33m;[39m
     [90m 148 |[39m     [36mconst[39m passwordInput [33m=[39m screen[33m.[39mgetByPlaceholderText([35m/Contrase├▒a/i[39m)[33m;[39m[0m

      at Object.getElementError (node_modules/@testing-library/dom/dist/config.js:37:19)
      at node_modules/@testing-library/dom/dist/query-helpers.js:76:38
      at node_modules/@testing-library/dom/dist/query-helpers.js:52:17
      at node_modules/@testing-library/dom/dist/query-helpers.js:95:19
      at Object.getByText (src/tests/components/Login.test.jsx:145:29)

  ÔùÅ Login Component ÔÇ║ debe manejar error de conexi├│n al servidor

    TestingLibraryElementError: Unable to find an element with the text: /Iniciar Sesi├│n/i. This could be because the text is broken up by multiple 
elements. In this case, you can provide a function for your text matcher to make your matcher more flexible.

    Ignored nodes: comments, script, style
    [36m<body>[39m
      [36m<div>[39m
        [36m<div[39m
          [33mclass[39m=[32m"welcome-container"[39m
        [36m>[39m
          [36m<div[39m
            [33mclass[39m=[32m"animated-background"[39m
          [36m>[39m
            [36m<div[39m
              [33mclass[39m=[32m"particle"[39m
            [36m/>[39m
            [36m<div[39m
              [33mclass[39m=[32m"particle"[39m
            [36m/>[39m
            [36m<div[39m
              [33mclass[39m=[32m"particle"[39m
            [36m/>[39m
            [36m<div[39m
              [33mclass[39m=[32m"particle"[39m
            [36m/>[39m
            [36m<div[39m
              [33mclass[39m=[32m"particle"[39m
            [36m/>[39m
            [36m<div[39m
              [33mclass[39m=[32m"particle"[39m
            [36m/>[39m
            [36m<div[39m
              [33mclass[39m=[32m"particle"[39m
            [36m/>[39m
            [36m<div[39m
              [33mclass[39m=[32m"particle"[39m
            [36m/>[39m
          [36m</div>[39m
          [36m<div[39m
            [33mclass[39m=[32m"welcome-content"[39m
          [36m>[39m
            [36m<header[39m
              [33mclass[39m=[32m"welcome-header"[39m
            [36m>[39m
              [36m<div[39m
                [33mclass[39m=[32m"logo-container"[39m
              [36m>[39m
                [36m<div[39m
                  [33mclass[39m=[32m"logo-circle"[39m
                [36m/>[39m
                [36m<h1[39m
                  [33mclass[39m=[32m"main-title"[39m
                [36m>[39m
                  [0mSistema de Tutorias ITSJ[0m
                [36m</h1>[39m
              [36m</div>[39m
              [36m<p[39m
                [33mclass[39m=[32m"subtitle"[39m
              [36m/>[39m
            [36m</header>[39m
            [36m<div[39m
              [33mclass[39m=[32m"welcome-card"[39m
            [36m>[39m
              [36m<h2[39m
                [33mclass[39m=[32m"welcome-message"[39m
              [36m>[39m
                [0mBienvenido al Sistema de Tutorias ITSJ[0m
              [36m</h2>[39m
              [36m<p[39m
                [33mclass[39m=[32m"welcome-description"[39m
              [36m>[39m
                [0mAccede con tu cuenta o registrate para comenzar a utilizar todas las funcionalidades del sistema educativo.[0m
              [36m</p>[39m
              [36m<div[39m
                [33mclass[39m=[32m"button-container"[39m
              [36m>[39m
                [36m<button[39m
                  [33mclass[39m=[32m"welcome-button login-btn"[39m
                [36m>[39m
                  [36m<span[39m
                    [33mclass[39m=[32m"button-icon-text"[39m
                  [36m>[39m
                    [0mIniciar Sesion[0m
                  [36m</span>[39m
                [36m</button>[39m
                [36m<button[39m
                  [33mclass[39m=[32m"welcome-button register-btn"[39m
                [36m>[39m
                  [36m<span[39m
                    [33mclass[39m=[32m"button-icon-text"[39m
                  [36m>[39m
                    [0mRegistrarse[0m
                  [36m</span>[39m
                [36m</button>[39m
              [36m</div>[39m
            [36m</div>[39m
            [36m<footer[39m
              [33mclass[39m=[32m"welcome-footer"[39m
            [36m>[39m
              [36m<div[39m
                [33mclass[39m=[32m"footer-content"[39m
              [36m>[39m
                [36m<p>[39m
                  [0mNecesitas ayuda?[0m
                [36m</p>[39m
                [36m<a[39m
                  [33mclass[39m=[32m"footer-link"[39m
                  [33mhref[39m=[32m"#contact"[39m
                [36m>[39m
                  [36m<span[39m
                    [33mclass[39m=[32m"link-text"[39m
                  [36m>[39m
                    [0mContactanos[0m
                  [36m</span>[39m
                [36m</a>[39m
              [36m</div>[39m
            [36m</footer>[39m
          [36m</div>[39m
        [36m</div>[39m
      [36m</div>[39m
    [36m</body>[39m

    [0m [90m 167 |[39m     render([33m<[39m[33mLogin[39m onLoginSuccess[33m=[39m{mockOnLoginSuccess} [33m/[39m[33m>[39m)[33m;[39m
     [90m 168 |[39m     
    [31m[1m>[22m[39m[90m 169 |[39m     [36mawait[39m user[33m.[39mclick(screen[33m.[39mgetByText([35m/Iniciar Sesi├│n/i[39m))[33m;[39m
     [90m     |[39m                             [31m[1m^[22m[39m
     [90m 170 |[39m     
     [90m 171 |[39m     [36mconst[39m usernameInput [33m=[39m screen[33m.[39mgetByPlaceholderText([35m/Usuario/i[39m)[33m;[39m
     [90m 172 |[39m     [36mconst[39m passwordInput [33m=[39m screen[33m.[39mgetByPlaceholderText([35m/Contrase├▒a/i[39m)[33m;[39m[0m

      at Object.getElementError (node_modules/@testing-library/dom/dist/config.js:37:19)
      at node_modules/@testing-library/dom/dist/query-helpers.js:76:38
      at node_modules/@testing-library/dom/dist/query-helpers.js:52:17
      at node_modules/@testing-library/dom/dist/query-helpers.js:95:19
      at Object.getByText (src/tests/components/Login.test.jsx:169:29)

  ÔùÅ Login Component ÔÇ║ debe deshabilitar bot├│n mientras est├í cargando

    TestingLibraryElementError: Unable to find an element with the text: /Iniciar Sesi├│n/i. This could be because the text is broken up by multiple 
elements. In this case, you can provide a function for your text matcher to make your matcher more flexible.

    Ignored nodes: comments, script, style
    [36m<body>[39m
      [36m<div>[39m
        [36m<div[39m
          [33mclass[39m=[32m"welcome-container"[39m
        [36m>[39m
          [36m<div[39m
            [33mclass[39m=[32m"animated-background"[39m
          [36m>[39m
            [36m<div[39m
              [33mclass[39m=[32m"particle"[39m
            [36m/>[39m
            [36m<div[39m
              [33mclass[39m=[32m"particle"[39m
            [36m/>[39m
            [36m<div[39m
              [33mclass[39m=[32m"particle"[39m
            [36m/>[39m
            [36m<div[39m
              [33mclass[39m=[32m"particle"[39m
            [36m/>[39m
            [36m<div[39m
              [33mclass[39m=[32m"particle"[39m
            [36m/>[39m
            [36m<div[39m
              [33mclass[39m=[32m"particle"[39m
            [36m/>[39m
            [36m<div[39m
              [33mclass[39m=[32m"particle"[39m
            [36m/>[39m
            [36m<div[39m
              [33mclass[39m=[32m"particle"[39m
            [36m/>[39m
          [36m</div>[39m
          [36m<div[39m
            [33mclass[39m=[32m"welcome-content"[39m
          [36m>[39m
            [36m<header[39m
              [33mclass[39m=[32m"welcome-header"[39m
            [36m>[39m
              [36m<div[39m
                [33mclass[39m=[32m"logo-container"[39m
              [36m>[39m
                [36m<div[39m
                  [33mclass[39m=[32m"logo-circle"[39m
                [36m/>[39m
                [36m<h1[39m
                  [33mclass[39m=[32m"main-title"[39m
                [36m>[39m
                  [0mSistema de Tutorias ITSJ[0m
                [36m</h1>[39m
              [36m</div>[39m
              [36m<p[39m
                [33mclass[39m=[32m"subtitle"[39m
              [36m/>[39m
            [36m</header>[39m
            [36m<div[39m
              [33mclass[39m=[32m"welcome-card"[39m
            [36m>[39m
              [36m<h2[39m
                [33mclass[39m=[32m"welcome-message"[39m
              [36m>[39m
                [0mBienvenido al Sistema de Tutorias ITSJ[0m
              [36m</h2>[39m
              [36m<p[39m
                [33mclass[39m=[32m"welcome-description"[39m
              [36m>[39m
                [0mAccede con tu cuenta o registrate para comenzar a utilizar todas las funcionalidades del sistema educativo.[0m
              [36m</p>[39m
              [36m<div[39m
                [33mclass[39m=[32m"button-container"[39m
              [36m>[39m
                [36m<button[39m
                  [33mclass[39m=[32m"welcome-button login-btn"[39m
                [36m>[39m
                  [36m<span[39m
                    [33mclass[39m=[32m"button-icon-text"[39m
                  [36m>[39m
                    [0mIniciar Sesion[0m
                  [36m</span>[39m
                [36m</button>[39m
                [36m<button[39m
                  [33mclass[39m=[32m"welcome-button register-btn"[39m
                [36m>[39m
                  [36m<span[39m
                    [33mclass[39m=[32m"button-icon-text"[39m
                  [36m>[39m
                    [0mRegistrarse[0m
                  [36m</span>[39m
                [36m</button>[39m
              [36m</div>[39m
            [36m</div>[39m
            [36m<footer[39m
              [33mclass[39m=[32m"welcome-footer"[39m
            [36m>[39m
              [36m<div[39m
                [33mclass[39m=[32m"footer-content"[39m
              [36m>[39m
                [36m<p>[39m
                  [0mNecesitas ayuda?[0m
                [36m</p>[39m
                [36m<a[39m
                  [33mclass[39m=[32m"footer-link"[39m
                  [33mhref[39m=[32m"#contact"[39m
                [36m>[39m
                  [36m<span[39m
                    [33mclass[39m=[32m"link-text"[39m
                  [36m>[39m
                    [0mContactanos[0m
                  [36m</span>[39m
                [36m</a>[39m
              [36m</div>[39m
            [36m</footer>[39m
          [36m</div>[39m
        [36m</div>[39m
      [36m</div>[39m
    [36m</body>[39m

    [0m [90m 194 |[39m     render([33m<[39m[33mLogin[39m onLoginSuccess[33m=[39m{mockOnLoginSuccess} [33m/[39m[33m>[39m)[33m;[39m
     [90m 195 |[39m     
    [31m[1m>[22m[39m[90m 196 |[39m     [36mawait[39m user[33m.[39mclick(screen[33m.[39mgetByText([35m/Iniciar Sesi├│n/i[39m))[33m;[39m
     [90m     |[39m                             [31m[1m^[22m[39m
     [90m 197 |[39m     
     [90m 198 |[39m     [36mconst[39m usernameInput [33m=[39m screen[33m.[39mgetByPlaceholderText([35m/Usuario/i[39m)[33m;[39m
     [90m 199 |[39m     [36mconst[39m passwordInput [33m=[39m screen[33m.[39mgetByPlaceholderText([35m/Contrase├▒a/i[39m)[33m;[39m[0m

      at Object.getElementError (node_modules/@testing-library/dom/dist/config.js:37:19)
      at node_modules/@testing-library/dom/dist/query-helpers.js:76:38
      at node_modules/@testing-library/dom/dist/query-helpers.js:52:17
      at node_modules/@testing-library/dom/dist/query-helpers.js:95:19
      at Object.getByText (src/tests/components/Login.test.jsx:196:29)

  ÔùÅ Login Component ÔÇ║ debe abrir modal de registro

    TestingLibraryElementError: Unable to find an element with the placeholder text of: /Usuario/i

    Ignored nodes: comments, script, style
    [36m<body>[39m
      [36m<div>[39m
        [36m<div[39m
          [33mclass[39m=[32m"welcome-container"[39m
        [36m>[39m
          [36m<div[39m
            [33mclass[39m=[32m"animated-background"[39m
          [36m>[39m
            [36m<div[39m
              [33mclass[39m=[32m"particle"[39m
            [36m/>[39m
            [36m<div[39m
              [33mclass[39m=[32m"particle"[39m
            [36m/>[39m
            [36m<div[39m
              [33mclass[39m=[32m"particle"[39m
            [36m/>[39m
            [36m<div[39m
              [33mclass[39m=[32m"particle"[39m
            [36m/>[39m
            [36m<div[39m
              [33mclass[39m=[32m"particle"[39m
            [36m/>[39m
            [36m<div[39m
              [33mclass[39m=[32m"particle"[39m
            [36m/>[39m
            [36m<div[39m
              [33mclass[39m=[32m"particle"[39m
            [36m/>[39m
            [36m<div[39m
              [33mclass[39m=[32m"particle"[39m
            [36m/>[39m
          [36m</div>[39m
          [36m<div[39m
            [33mclass[39m=[32m"welcome-content"[39m
          [36m>[39m
            [36m<header[39m
              [33mclass[39m=[32m"welcome-header"[39m
            [36m>[39m
              [36m<div[39m
                [33mclass[39m=[32m"logo-container"[39m
              [36m>[39m
                [36m<div[39m
                  [33mclass[39m=[32m"logo-circle"[39m
                [36m/>[39m
                [36m<h1[39m
                  [33mclass[39m=[32m"main-title"[39m
                [36m>[39m
                  [0mSistema de Tutorias ITSJ[0m
                [36m</h1>[39m
              [36m</div>[39m
              [36m<p[39m
                [33mclass[39m=[32m"subtitle"[39m
              [36m/>[39m
            [36m</header>[39m
            [36m<div[39m
              [33mclass[39m=[32m"welcome-card"[39m
            [36m>[39m
              [36m<h2[39m
                [33mclass[39m=[32m"welcome-message"[39m
              [36m>[39m
                [0mBienvenido al Sistema de Tutorias ITSJ[0m
              [36m</h2>[39m
              [36m<p[39m
                [33mclass[39m=[32m"welcome-description"[39m
              [36m>[39m
                [0mAccede con tu cuenta o registrate para comenzar a utilizar todas las funcionalidades del sistema educativo.[0m
              [36m</p>[39m
              [36m<div[39m
                [33mclass[39m=[32m"button-container"[39m
              [36m>[39m
                [36m<button[39m
                  [33mclass[39m=[32m"welcome-button login-btn"[39m
                [36m>[39m
                  [36m<span[39m
                    [33mclass[39m=[32m"button-icon-text"[39m
                  [36m>[39m
                    [0mIniciar Sesion[0m
                  [36m</span>[39m
                [36m</button>[39m
                [36m<button[39m
                  [33mclass[39m=[32m"welcome-button register-btn"[39m
                [36m>[39m
                  [36m<span[39m
                    [33mclass[39m=[32m"button-icon-text"[39m
                  [36m>[39m
                    [0mRegistrarse[0m
                  [36m</span>[39m
                [36m</button>[39m
              [36m</div>[39m
            [36m</div>[39m
            [36m<footer[39m
              [33mclass[39m=[32m"welcome-footer"[39m
            [36m>[39m
              [36m<div[39m
                [33mclass[39m=[32m"footer-content"[39m
              [36m>[39m
                [36m<p>[39m
                  [0mNecesitas ayuda?[0m
                [36m</p>[39m
                [36m<a[39m
                  [33mclass[39m=[32m"footer-link"[39m
                  [33mhref[39m=[32m"#contact"[39m
                [36m>[39m
                  [36m<span[39m
                    [33mclass[39m=[32m"link-text"[39m
                  [36m>[39m
                    [0mContactanos[0m
                  [36m</span>[39m
                [36m</a>[39m
              [36m</div>[39m
            [36m</footer>[39m
          [36m</div>[39m
          [36m<div[39m
            [33mclass[39m=[32m"modal-overlay"[39m
          [36m>[39m
            [36m<div[39m
              [33mclass[39m=[32m"modal-content"[39m
            [36m>[39m
              [36m<div[39m
                [33mclass[39m=[32m"modal-header-section"[39m
              [36m>[39m
                [36m<div[39m
                  [33mclass[39m=[32m"modal-icon-text"[39m
                [36m>[39m
                  [0mCrear Cuenta[0m
                [36m</div>[39m
                [36m<button[39m
                  [33maria-label[39m=[32m"Cerrar"[39m
                  [33mclass[39m=[32m"close-button"[39m
                [36m>[39m
                  [36m<span[39m
                    [33mclass[39m=[32m"close-icon"[39m
                  [36m>[39m
                    [0m├ù[0m
                  [36m</span>[39m
                [36m</button>[39m
                [36m<div[39m
                  [33mclass[39m=[32m"modal-header"[39m
                [36m>[39m
                  [36m<h2>[39m
                    [0mCrear Cuenta[0m
                  [36m</h2>[39m
                  [36m<p>[39m
                    [0mRegistrate para comenzar a usar el sistema[0m
                  [36m</p>[39m
                [36m</div>[39m
              [36m</div>[39m
              [36m<form[39m
                [33mclass[39m=[32m"modal-form"[39m
              [36m>[39m
                [36m<div[39m
                  [33mclass[39m=[32m"form-group"[39m
                [36m>[39m
                  [36m<div[39m
                    [33mclass[39m=[32m"input-container"[39m
                  [36m>[39m
                    [36m<input[39m
                      [33mclass[39m=[32m"form-input"[39m
                      [33mid[39m=[32m"register-nombre"[39m
                      [33mplaceholder[39m=[32m" "[39m
                      [33mtype[39m=[32m"text"[39m
                      [33mvalue[39m=[32m""[39m
                    [36m/>[39m
                    [36m<label[39m
                      [33mclass[39m=[32m"form-label"[39m
                      [33mfor[39m=[32m"register-nombre"[39m
                    [36m>[39m
                      [36m<span[39m
                        [33mclass[39m=[32m"label-text"[39m
                      [36m>[39m
                        [0mNombre Completo[0m
                      [36m</span>[39m
                    [36m</label>[39m
                    [36m<div[39m
                      [33mclass[39m=[32m"input-underline"[39m
                    [36m/>[39m
                  [36m</div>[39m
                [36m</div>[39m
                [36m<div[39m
                  [33mclass[39m=[32m"form-group"[39m
                [36m>[39m
                  [36m<div[39m
                    [33mclass[39m=[32m"input-container"[39m
                  [36m>[39m
                    [36m<input[39m
                      [33mclass[39m=[32m"form-input"[39m
                      [33mid[39m=[32m"register-fecha"[39m
                      [33mmax[39m=[32m"2025-12-07"[39m
                      [33mtype[39m=[32m"date"[39m
                      [33mvalue[39m=[32m""[39m
                    [36m/>[39m
                    [36m<label[39m
                      [33mclass[39m=[32m"form-label form-label-date"[39m
                      [33mfor[39m=[32m"register-fecha"[39m
                    [36m>[39m
                      [36m<span[39m
                        [33mclass[39m=[32m"label-text"[39m
                      [36m>[39m
                        [0mFecha de Nacimiento[0m
                      [36m</span>[39m
                    [36m</label>[39m
                    [36m<div[39m
                      [33mclass[39m=[32m"input-underline"[39m
                    [36m/>[39m
                  [36m</div>[39m
                [36m</div>[39m
                [36m<div[39m
                  [33mclass[39m=[32m"form-group"[39m
                [36m>[39m
                  [36m<div[39m
                    [33mclass[39m=[32m"input-container"[39m
                  [36m>[39m
                    [36m<input[39m
                      [33mclass[39m=[32m"form-input"[39m
                      [33mid[39m=[32m"register-username"[39m
                      [33mplaceholder[39m=[32m" "[39m
                      [33mtype[39m=[32m"text"[39m
                      [33mvalue[39m=[32m""[39m
                    [36m/>[39m
                    [36m<label[39m
                      [33mclass[39m=[32m"form-label"[39m
                      [33mfor[39m=[32m"register-username"[39m
                    [36m>[39m
                      [36m<span[39m
                        [33mclass[39m=[32m"label-text"[39m
                      [36m>[39m
                        [0mUsuario[0m
                      [36m</span>[39m
                    [36m</label>[39m
                    [36m<div[39m
                      [33mclass[39m=[32m"input-underline"[39m
                    [36m/>[39m
                  [36m</div>[39m
                [36m</div>[39m
                [36m<div[39m
                  [33mclass[39m=[32m"form-group"[39m
                [36m>[39m
                  [36m<div[39m
                    [33mclass[39m=[32m"input-container"[39m
                  [36m>[39m
                    [36m<input[39m
                      [33mclass[39m=[32m"form-input"[39m
                      [33mid[39m=[32m"register-email"[39m
                      [33mplaceholder[39m=[32m" "[39m
                      [33mtype[39m=[32m"email"[39m
                      [33mvalue[39m=[32m""[39m
                    [36m/>[39m
                    [36m<label[39m
                      [33mclass[39m=[32m"form-label"[39m
                      [33mfor[39m=[32m"register-email"[39m
                    [36m>[39m
                      [36m<span[39m
                        [33mclass[39m=[32m"label-text"[39m
                      [36m>[39m
                        [0mEmail[0m
                      [36m</span>[39m
                    [36m</label>[39m
                    [36m<div[39m
                      [33mclass[39m=[32m"input-underline"[39m
                    [36m/>[39m
                  [36m</div>[39m
                [36m</div>[39m
                [36m<div[39m
                  [33mclass[39m=[32m"form-group"[39m
                [36m>[39m
                  [36m<div[39m
                    [33mclass[39m=[32m"input-container"[39m
                  [36m>[39m
                    [36m<input[39m
                      [33mclass[39m=[32m"form-input"[39m
                      [33mid[39m=[32m"register-password"[39m
                      [33mplaceholder[39m=[32m" "[39m
                      [33mtype[39m=[32m"password"[39m
                      [33mvalue[39m=[32m""[39m
                    [36m/>[39m
                    [36m<label[39m
                      [33mclass[39m=[32m"form-label"[39m
                      [33mfor[39m=[32m"register-password"[39m
                    [36m>[39m
                      [36m<span[39m
                        [33mclass[39m=[32m"label-text"[39m
                      [36m>[39m
                        [0mContrasena[0m
                      [36m</span>[39m
                    [36m</label>[39m
                    [36m<div[39m
                      [33mclass[39m=[32m"input-underline"[39m
                    [36m/>[39m
                  [36m</div>[39m
                [36m</div>[39m
                [36m<div[39m
                  [33mclass[39m=[32m"form-group"[39m
                [36m>[39m
                  [36m<div[39m
                    [33mclass[39m=[32m"input-container"[39m
                  [36m>[39m
                    [36m<input[39m
                      [33mclass[39m=[32m"form-input"[39m
                      [33mid[39m=[32m"register-confirm-password"[39m
                      [33mplaceholder[39m=[32m" "[39m
                      [33mtype[39m=[32m"password"[39m
                      [33mvalue[39m=[32m""[39m
                    [36m/>[39m
                    [36m<label[39m
                      [33mclass[39m=[32m"form-label"[39m
                      [33mfor[39m=[32m"register-confirm-password"[39m
                    [36m>[39m
                      [36m<span[39m
                        [33mclass[39m=[32m"label-text"[39m
                      [36m>[39m
                        [0mConfirmar Contrasena[0m
                      [36m</span>[39m
                    [36m</label>[39m
                    [36m<div[39m
                      [33mclass[39m=[32m"input-underline"[39m
                    [36m/>[39m
                  [36m</div>[39m
                [36m</div>[39m
                [36m<div[39m
                  [33mclass[39m=[32m"form-group"[39m
                [36m>[39m
                  [36m<label[39m
                    [33mclass[39m=[32m"section-label"[39m
                  [36m>[39m
                    [36m<span[39m
                      [33mclass[39m=[32m"label-text"[39m
                    [36m>[39m
                      [0mSelecciona tu rol[0m
                    [36m</span>[39m
                  [36m</label>[39m
                  [36m<div[39m
                    [33mclass[39m=[32m"role-selector"[39m
                  [36m>[39m
                    [36m<div[39m
                      [33mclass[39m=[32m"radio-group"[39m
                    [36m>[39m
                      [36m<label[39m
                        [33mclass[39m=[32m"radio-option radio-admin "[39m
                      [36m>[39m
                        [36m<input[39m
                          [33mclass[39m=[32m"radio-input"[39m
                          [33mname[39m=[32m"register-role"[39m
                          [33mtype[39m=[32m"radio"[39m
                          [33mvalue[39m=[32m"administrador"[39m
                        [36m/>[39m
                        [36m<span[39m
                          [33mclass[39m=[32m"radio-label"[39m
                        [36m>[39m
                          [36m<span[39m
                            [33mclass[39m=[32m"role-text"[39m
                          [36m>[39m
                            [36m<span[39m
                              [33mclass[39m=[32m"role-title"[39m
                            [36m>[39m
                              [0mAdministrador[0m
                            [36m</span>[39m
                            [36m<span[39m
                              [33mclass[39m=[32m"role-desc"[39m
                            [36m>[39m
                              [0mAcceso completo[0m
                            [36m</span>[39m
                          [36m</span>[39m
                        [36m</span>[39m
                      [36m</label>[39m
                      [36m<label[39m
                        [33mclass[39m=[32m"radio-option radio-tutor "[39m
                      [36m>[39m
                        [36m<input[39m
                          [33mclass[39m=[32m"radio-input"[39m
                          [33mname[39m=[32m"register-role"[39m
                          [33mtype[39m=[32m"radio"[39m
                          [33mvalue[39m=[32m"tutor"[39m
                        [36m/>[39m
                        [36m<span[39m
                          [33mclass[39m=[32m"radio-label"[39m
                        [36m>[39m
                          [36m<span[39m
                            [33mclass[39m=[32m"role-text"[39m
                          [36m>[39m
                            [36m<span[39m
                              [33mclass[39m=[32m"role-title"[39m
                            [36m>[39m
                              [0mTutor[0m
                            [36m</span>[39m
                            [36m<span[39m
                              [33mclass[39m=[32m"role-desc"[39m
                            [36m>[39m
                              [0mGestion de alumnos[0m
                            [36m</span>[39m
                          [36m</span>[39m
                        [36m</span>[39m
                      [36m</label>[39m
                      [36m<label[39m
                        [33mclass[39m=[32m"radio-option radio-alumno selected"[39m
                      [36m>[39m
                        [36m<input[39m
                          [33mchecked[39m=[32m""[39m
                          [33mclass[39m=[32m"radio-input"[39m
                          [33mname[39m=[32m"register-role"[39m
                          [33mtype[39m=[32m"radio"[39m
                          [33mvalue[39m=[32m"alumno"[39m
                        [36m/>[39m
                        [36m<span[39m
                          [33mclass[39m=[32m"radio-label"[39m
                        [36m>[39m
                          [36m<span[39m
                            [33mclass[39m=[32m"role-text"[39m
                          [36m>[39m
                            [36m<span[39m
                              [33mclass[39m=[32m"role-title"[39m
                            [36m>[39m
                              [0mAlumno[0m
                            [36m</span>[39m
                            [36m<span[39m
                              [33mclass[39m=[32m"role-desc"[39m
                            [36m>[39m
                              [0mAcceso estudiante[0m
                            [36m</span>[39m
                          [36m</span>[39m
                        [36m</span>[39m
                      [36m</label>[39m
                    [36m</div>[39m
                  [36m</div>[39m
                [36m</div>[39m
                [36m<button[39m
                  [33mclass[39m=[32m"submit-button "[39m
                  [33mtype[39m=[32m"submit"[39m
                [36m>[39m
                  [36m<span[39m
                    [33mclass[39m=[32m"button-text"[39m
                  [36m>[39m
                    [0mCrear Cuenta[0m
                  [36m</span>[39m
                  [36m<div[39m
                    [33mclass[39m=[32m"button-loader"[39m
                  [36m>[39m
                    [36m<div[39m
                      [33mclass[39m=[32m"spinner"[39m
                    [36m/>[39m
                  [36m</div>[39m
                  [36m<div[39m
                    [33mclass[39m=[32m"button-glow"[39m
                  [36m/>[39m
                [36m</button>[39m
              [36m</form>[39m
              [36m<div[39m
                [33mclass[39m=[32m"modal-footer"[39m
              [36m>[39m
                [36m<p>[39m
                  [0mYa tienes cuenta?[0m
                  [0m [0m
                  [36m<button[39m
                    [33mclass[39m=[32m"link-button"[39m
                  [36m>[39m
                    [0mInicia sesion aqui[0m
                  [36m</button>[39m
                [36m</p>[39m
              [36m</div>[39m
            [36m</div>[39m
          [36m</div>[39m
        [36m</div>[39m
      [36m</div>[39m
    [36m</body>[39m

    [0m [90m 214 |[39m     [36mawait[39m user[33m.[39mclick(registerButton)[33m;[39m
     [90m 215 |[39m     
    [31m[1m>[22m[39m[90m 216 |[39m     expect(screen[33m.[39mgetByPlaceholderText([35m/Usuario/i[39m))[33m.[39mtoBeInTheDocument()[33m;[39m
     [90m     |[39m                   [31m[1m^[22m[39m
     [90m 217 |[39m     expect(screen[33m.[39mgetByPlaceholderText([35m/Email/i[39m))[33m.[39mtoBeInTheDocument()[33m;[39m
     [90m 218 |[39m     expect(screen[33m.[39mgetByPlaceholderText([35m/Nombre completo/i[39m))[33m.[39mtoBeInTheDocument()[33m;[39m
     [90m 219 |[39m   })[33m;[39m[0m

      at Object.getElementError (node_modules/@testing-library/dom/dist/config.js:37:19)
      at node_modules/@testing-library/dom/dist/query-helpers.js:76:38
      at node_modules/@testing-library/dom/dist/query-helpers.js:52:17
      at node_modules/@testing-library/dom/dist/query-helpers.js:95:19
      at Object.getByPlaceholderText (src/tests/components/Login.test.jsx:216:19)

  ÔùÅ Login Component ÔÇ║ debe validar todos los campos en registro

    Unable to find an element with the text: /completa todos los campos/i. This could be because the text is broken up by multiple elements. In this 
case, you can provide a function for your text matcher to make your matcher more flexible.

    Ignored nodes: comments, script, style
    [36m<body>[39m
      [36m<div>[39m
        [36m<div[39m
          [33mclass[39m=[32m"welcome-container"[39m
        [36m>[39m
          [36m<div[39m
            [33mclass[39m=[32m"animated-background"[39m
          [36m>[39m
            [36m<div[39m
              [33mclass[39m=[32m"particle"[39m
            [36m/>[39m
            [36m<div[39m
              [33mclass[39m=[32m"particle"[39m
            [36m/>[39m
            [36m<div[39m
              [33mclass[39m=[32m"particle"[39m
            [36m/>[39m
            [36m<div[39m
              [33mclass[39m=[32m"particle"[39m
            [36m/>[39m
            [36m<div[39m
              [33mclass[39m=[32m"particle"[39m
            [36m/>[39m
            [36m<div[39m
              [33mclass[39m=[32m"particle"[39m
            [36m/>[39m
            [36m<div[39m
              [33mclass[39m=[32m"particle"[39m
            [36m/>[39m
            [36m<div[39m
              [33mclass[39m=[32m"particle"[39m
            [36m/>[39m
          [36m</div>[39m
          [36m<div[39m
            [33mclass[39m=[32m"welcome-content"[39m
          [36m>[39m
            [36m<header[39m
              [33mclass[39m=[32m"welcome-header"[39m
            [36m>[39m
              [36m<div[39m
                [33mclass[39m=[32m"logo-container"[39m
              [36m>[39m
                [36m<div[39m
                  [33mclass[39m=[32m"logo-circle"[39m
                [36m/>[39m
                [36m<h1[39m
                  [33mclass[39m=[32m"main-title"[39m
                [36m>[39m
                  [0mSistema de Tutorias ITSJ[0m
                [36m</h1>[39m
              [36m</div>[39m
              [36m<p[39m
                [33mclass[39m=[32m"subtitle"[39m
              [36m/>[39m
            [36m</header>[39m
            [36m<div[39m
              [33mclass[39m=[32m"welcome-card"[39m
            [36m>[39m
              [36m<h2[39m
                [33mclass[39m=[32m"welcome-message"[39m
              [36m>[39m
                [0mBienvenido al Sistema de Tutorias ITSJ[0m
              [36m</h2>[39m
              [36m<p[39m
                [33mclass[39m=[32m"welcome-description"[39m
              [36m>[39m
                [0mAccede con tu cuenta o registrate para comenzar a utilizar todas las funcionalidades del sistema educativo.[0m
              [36m</p>[39m
              [36m<div[39m
                [33mclass[39m=[32m"button-container"[39m
              [36m>[39m
                [36m<button[39m
                  [33mclass[39m=[32m"welcome-button login-btn"[39m
                [36m>[39m
                  [36m<span[39m
                    [33mclass[39m=[32m"button-icon-text"[39m
                  [36m>[39m
                    [0mIniciar Sesion[0m
                  [36m</span>[39m
                [36m</button>[39m
                [36m<button[39m
                  [33mclass[39m=[32m"welcome-button register-btn"[39m
                [36m>[39m
                  [36m<span[39m
                    [33mclass[39m=[32m"button-icon-text"[39m
                  [36m>[39m
                    [0mRegistrarse[0m
                  [36m</span>[39m
                [36m</button>[39m
              [36m</div>[39m
            [36m</div>[39m
            [36m<footer[39m
              [33mclass[39m=[32m"welcome-footer"[39m
            [36m>[39m
              [36m<div[39m
                [33mclass[39m=[32m"footer-content"[39m
              [36m>[39m
                [36m<p>[39m
                  [0mNecesitas ayuda?[0m
                [36m</p>[39m
                [36m<a[39m
                  [33mclass[39m=[32m"footer-link"[39m
                  [33mhref[39m=[32m"#contact"[39m
                [36m>[39m
                  [36m<span[39m
                    [33mclass[39m=[32m"link-text"[39m
                  [36m>[39m
                    [0mContactanos[0m
                  [36m</span>[39m
                [36m</a>[39m
              [36m</div>[39m
            [36m</footer>[39m
          [36m</div>[39m
          [36m<div[39m
            [33mclass[39m=[32m"modal-overlay"[39m
          [36m>[39m
            [36m<div[39m
              [33mclass[39m=[32m"modal-content"[39m
            [36m>[39m
              [36m<div[39m
                [33mclass[39m=[32m"modal-header-section"[39m
              [36m>[39m
                [36m<div[39m
                  [33mclass[39m=[32m"modal-icon-text"[39m
                [36m>[39m
                  [0mCrear Cuenta[0m
                [36m</div>[39m
                [36m<button[39m
                  [33maria-label[39m=[32m"Cerrar"[39m
                  [33mclass[39m=[32m"close-button"[39m
                [36m>[39m
                  [36m<span[39m
                    [33mclass[39m=[32m"close-icon"[39m
                  [36m>[39m
                    [0m├ù[0m
                  [36m</span>[39m
                [36m</button>[39m
                [36m<div[39m
                  [33mclass[39m=[32m"modal-header"[39m
                [36m>[39m
                  [36m<h2>[39m
                    [0mCrear Cuenta[0m
                  [36m</h2>[39m
                  [36m<p>[39m
                    [0mRegistrate para comenzar a usar el sistema[0m
                  [36m</p>[39m
                [36m</div>[39m
              [36m</div>[39m
              [36m<form[39m
                [33mclass[39m=[32m"modal-form"[39m
              [36m>[39m
                [36m<div[39m
                  [33mclass[39m=[32m"form-group"[39m
                [36m>[39m
                  [36m<div[39m
                    [33mclass[39m=[32m"input-container"[39m
                  [36m>[39m
                    [36m<input[39m
                      [33mclass[39m=[32m"form-input"[39m
                      [33mid[39m=[32m"register-nombre"[39m
                      [33mplaceholder[39m=[32m" "[39m
                      [33mtype[39m=[32m"text"[39m
                      [33mvalue[39m=[32m""[39m
                    [36m/>[39m
                    [36m<label[39m
                      [33mclass[39m=[32m"form-label"[39m
                      [33mfor[39m=[32m"register-nombre"[39m
                    [36m>[39m
                      [36m<span[39m
                        [33mclass[39m=[32m"label-text"[39m
                      [36m>[39m
                        [0mNombre Completo[0m
                      [36m</span>[39m
                    [36m</label>[39m
                    [36m<div[39m
                      [33mclass[39m=[32m"input-underline"[39m
                    [36m/>[39m
                  [36m</div>[39m
                [36m</div>[39m
                [36m<div[39m
                  [33mclass[39m=[32m"form-group"[39m
                [36m>[39m
                  [36m<div[39m
                    [33mclass[39m=[32m"input-container"[39m
                  [36m>[39m
                    [36m<input[39m
                      [33mclass[39m=[32m"form-input"[39m
                      [33mid[39m=[32m"register-fecha"[39m
                      [33mmax[39m=[32m"2025-12-07"[39m
                      [33mtype[39m=[32m"date"[39m
                      [33mvalue[39m=[32m""[39m
                    [36m/>[39m
                    [36m<label[39m
                      [33mclass[39m=[32m"form-label form-label-date"[39m
                      [33mfor[39m=[32m"register-fecha"[39m
                    [36m>[39m
                      [36m<span[39m
                        [33mclass[39m=[32m"label-text"[39m
                      [36m>[39m
                        [0mFecha de Nacimiento[0m
                      [36m</span>[39m
                    [36m</label>[39m
                    [36m<div[39m
                      [33mclass[39m=[32m"input-underline"[39m
                    [36m/>[39m
                  [36m</div>[39m
                [36m</div>[39m
                [36m<div[39m
                  [33mclass[39m=[32m"form-group"[39m
                [36m>[39m
                  [36m<div[39m
                    [33mclass[39m=[32m"input-container"[39m
                  [36m>[39m
                    [36m<input[39m
                      [33mclass[39m=[32m"form-input"[39m
                      [33mid[39m=[32m"register-username"[39m
                      [33mplaceholder[39m=[32m" "[39m
                      [33mtype[39m=[32m"text"[39m
                      [33mvalue[39m=[32m""[39m
                    [36m/>[39m
                    [36m<label[39m
                      [33mclass[39m=[32m"form-label"[39m
                      [33mfor[39m=[32m"register-username"[39m
                    [36m>[39m
                      [36m<span[39m
                        [33mclass[39m=[32m"label-text"[39m
                      [36m>[39m
                        [0mUsuario[0m
                      [36m</span>[39m
                    [36m</label>[39m
                    [36m<div[39m
                      [33mclass[39m=[32m"input-underline"[39m
                    [36m/>[39m
                  [36m</div>[39m
                [36m</div>[39m
                [36m<div[39m
                  [33mclass[39m=[32m"form-group"[39m
                [36m>[39m
                  [36m<div[39m
                    [33mclass[39m=[32m"input-container"[39m
                  [36m>[39m
                    [36m<input[39m
                      [33mclass[39m=[32m"form-input"[39m
                      [33mid[39m=[32m"register-email"[39m
                      [33mplaceholder[39m=[32m" "[39m
                      [33mtype[39m=[32m"email"[39m
                      [33mvalue[39m=[32m""[39m
                    [36m/>[39m
                    [36m<label[39m
                      [33mclass[39m=[32m"form-label"[39m
                      [33mfor[39m=[32m"register-email"[39m
                    [36m>[39m
                      [36m<span[39m
                        [33mclass[39m=[32m"label-text"[39m
                      [36m>[39m
                        [0mEmail[0m
                      [36m</span>[39m
                    [36m</label>[39m
                    [36m<div[39m
                      [33mclass[39m=[32m"input-underline"[39m
                    [36m/>[39m
                  [36m</div>[39m
                [36m</div>[39m
                [36m<div[39m
                  [33mclass[39m=[32m"form-group"[39m
                [36m>[39m
                  [36m<div[39m
                    [33mclass[39m=[32m"input-container"[39m
                  [36m>[39m
                    [36m<input[39m
                      [33mclass[39m=[32m"form-input"[39m
                      [33mid[39m=[32m"register-password"[39m
                      [33mplaceholder[39m=[32m" "[39m
                      [33mtype[39m=[32m"password"[39m
                      [33mvalue[39m=[32m""[39m
                    [36m/>[39m
                    [36m<label[39m
                      [33mclass[39m=[32m"form-label"[39m
                      [33mfor[39m=[32m"register-password"[39m
                    [36m>[39m
                      [36m<span[39m
                        [33mclass[39m=[32m"label-text"[39m
                      [36m>[39m
                        [0mContrasena[0m
                      [36m</span>[39m
                    [36m</label>[39m
                    [36m<div[39m
                      [33mclass[39m=[32m"input-underline"[39m
                    [36m/>[39m
                  [36m</div>[39m
                [36m</div>[39m
                [36m<div[39m
                  [33mclass[39m=[32m"form-group"[39m
                [36m>[39m
                  [36m<div[39m
                    [33mclass[39m=[32m"input-container"[39m
                  [36m>[39m
                    [36m<input[39m
                      [33mclass[39m=[32m"form-input"[39m
                      [33mid[39m=[32m"register-confirm-password"[39m
                      [33mplaceholder[39m=[32m" "[39m
                      [33mtype[39m=[32m"password"[39m
                      [33mvalue[39m=[32m""[39m
                    [36m/>[39m
                    [36m<label[39m
                      [33mclass[39m=[32m"form-label"[39m
                      [33mfor[39m=[32m"register-confirm-password"[39m
                    [36m>[39m
                      [36m<span[39m
                        [33mclass[39m=[32m"label-text"[39m
                      [36m>[39m
                        [0mConfirmar Contrasena[0m
                      [36m</span>[39m
                    [36m</label>[39m
                    [36m<div[39m
                      [33mclass[39m=[32m"input-underline"[39m
                    [36m/>[39m
                  [36m</div>[39m
                [36m</div>[39m
                [36m<div[39m
                  [33mclass[39m=[32m"form-group"[39m
                [36m>[39m
                  [36m<label[39m
                    [33mclass[39m=[32m"section-label"[39m
                  [36m>[39m
                    [36m<span[39m
                      [33mclass[39m=[32m"label-text"[39m
                    [36m>[39m
                      [0mSelecciona tu rol[0m
                    [36m</span>[39m
                  [36m</label>[39m
                  [36m<div[39m
                    [33mclass[39m=[32m"role-selector"[39m
                  [36m>[39m
                    [36m<div[39m
                      [33mclass[39m=[32m"radio-group"[39m
                    [36m>[39m
                      [36m<label[39m
                        [33mclass[39m=[32m"radio-option radio-admin "[39m
                      [36m>[39m
                        [36m<input[39m
                          [33mclass[39m=[32m"radio-input"[39m
                          [33mname[39m=[32m"register-role"[39m
                          [33mtype[39m=[32m"radio"[39m
                          [33mvalue[39m=[32m"administrador"[39m
                        [36m/>[39m
                        [36m<span[39m
                          [33mclass[39m=[32m"radio-label"[39m
                        [36m>[39m
                          [36m<span[39m
                            [33mclass[39m=[32m"role-text"[39m
                          [36m>[39m
                            [36m<span[39m
                              [33mclass[39m=[32m"role-title"[39m
                            [36m>[39m
                              [0mAdministrador[0m
                            [36m</span>[39m
                            [36m<span[39m
                              [33mclass[39m=[32m"role-desc"[39m
                            [36m>[39m
                              [0mAcceso completo[0m
                            [36m</span>[39m
                          [36m</span>[39m
                        [36m</span>[39m
                      [36m</label>[39m
                      [36m<label[39m
                        [33mclass[39m=[32m"radio-option radio-tutor "[39m
                      [36m>[39m
                        [36m<input[39m
                          [33mclass[39m=[32m"radio-input"[39m
                          [33mname[39m=[32m"register-role"[39m
                          [33mtype[39m=[32m"radio"[39m
                          [33mvalue[39m=[32m"tutor"[39m
                        [36m/>[39m
                        [36m<span[39m
                          [33mclass[39m=[32m"radio-label"[39m
                        [36m>[39m
                          [36m<span[39m
                            [33mclass[39m=[32m"role-text"[39m
                          [36m>[39m
                            [36m<span[39m
                              [33mclass[39m=[32m"role-title"[39m
                            [36m>[39m
                              [0mTutor[0m
                            [36m</span>[39m
                            [36m<span[39m
                              [33mclass[39m=[32m"role-desc"[39m
                            [36m>[39m
                              [0mGestion de alumnos[0m
                            [36m</span>[39m
                          [36m</span>[39m
                        [36m</span>[39m
                      [36m</label>[39m
                      [36m<label[39m
                        [33mclass[39m=[32m"radio-option radio-alumno selected"[39m
                      [36m>[39m
                        [36m<input[39m
                          [33mchecked[39m=[32m""[39m
                          [33mclass[39m=[32m"radio-input"[39m
                          [33mname[39m=[32m"register-role"[39m
                          [33mtype[39m=[32m"radio"[39m
                          [33mvalue[39m=[32m"alumno"[39m
                        [36m/>[39m
                        [36m<span[39m
                          [33mclass[39m=[32m"radio-label"[39m
                        [36m>[39m
                          [36m<span[39m
                            [33mclass[39m=[32m"role-text"[39m
                          [36m>[39m
                            [36m<span[39m
                              [33mclass[39m=[32m"role-title"[39m
                            [36m>[39m
                              [0mAlumno[0m
                            [36m</span>[39m
                            [36m<span[39m
                              [33mclass[39m=[32m"role-desc"[39m
                            [36m>[39m
                              [0mAcceso estudiante[0m
                            [36m</span>[39m
                          [36m</span>[39m
                        [36m</span>[39m
                      [36m</label>[39m
                    [36m</div>[39m
                  [36m</div>[39m
                [36m</div>[39m
                [36m<button[39m
                  [33mclass[39m=[32m"submit-button "[39m
                  [33mtype[39m=[32m"submit"[39m
                [36m>[39m
                  [36m<span[39m
                    [33mclass[39m=[32m"button-text"[39m
                  [36m>[39m
                    [0mCrear Cuenta[0m
                  [36m</span>[39m
                  [36m<div[39m
                    [33mclass[39m=[32m"button-loader"[39m
                  [36m>[39m
                    [36m<div[39m
                      [33mclass[39m=[32m"spinner"[39m
                    [36m/>[39m
                  [36m</div>[39m
                  [36m<div[39m
                    [33mclass[39m=[32m"button-glow"[39m
                  [36m/>[39m
                [36m</button>[39m
              [36m</form>[39m
              [36m<div[39m
                [33mclass[39m=[32m"modal-footer"[39m
              [36m>[39m
                [36m<p>[39m
                  [0mYa tienes cuenta?[0m
                  [0m [0m
                  [36m<button[39m
                    [33mclass[39m=[32m"link-button"[39m
                  [36m>[39m
                    [0mInicia sesion aqui[0m
                  [36m</button>[39m
                [36m</p>[39m
              [36m</div>[39m
            [36m</div>[39m
          [36m</div>[39m
        [36m</div>[39m
      [36m</div>[39m
    [36m</body>[39m

    [0m [90m 228 |[39m     [36mawait[39m user[33m.[39mclick(submitButton)[33m;[39m
     [90m 229 |[39m     
    [31m[1m>[22m[39m[90m 230 |[39m     [36mawait[39m waitFor(() [33m=>[39m {
     [90m     |[39m                  [31m[1m^[22m[39m
     [90m 231 |[39m       expect(screen[33m.[39mgetByText([35m/completa todos los campos/i[39m))[33m.[39mtoBeInTheDocument()[33m;[39m
     [90m 232 |[39m     })[33m;[39m
     [90m 233 |[39m   })[33m;[39m[0m

      at waitForWrapper (node_modules/@testing-library/dom/dist/wait-for.js:163:27)
      at Object.<anonymous> (src/tests/components/Login.test.jsx:230:18)

  ÔùÅ Login Component ÔÇ║ debe validar longitud m├¡nima en registro

    TestingLibraryElementError: Unable to find an element with the placeholder text of: /Usuario/i

    Ignored nodes: comments, script, style
    [36m<body>[39m
      [36m<div>[39m
        [36m<div[39m
          [33mclass[39m=[32m"welcome-container"[39m
        [36m>[39m
          [36m<div[39m
            [33mclass[39m=[32m"animated-background"[39m
          [36m>[39m
            [36m<div[39m
              [33mclass[39m=[32m"particle"[39m
            [36m/>[39m
            [36m<div[39m
              [33mclass[39m=[32m"particle"[39m
            [36m/>[39m
            [36m<div[39m
              [33mclass[39m=[32m"particle"[39m
            [36m/>[39m
            [36m<div[39m
              [33mclass[39m=[32m"particle"[39m
            [36m/>[39m
            [36m<div[39m
              [33mclass[39m=[32m"particle"[39m
            [36m/>[39m
            [36m<div[39m
              [33mclass[39m=[32m"particle"[39m
            [36m/>[39m
            [36m<div[39m
              [33mclass[39m=[32m"particle"[39m
            [36m/>[39m
            [36m<div[39m
              [33mclass[39m=[32m"particle"[39m
            [36m/>[39m
          [36m</div>[39m
          [36m<div[39m
            [33mclass[39m=[32m"welcome-content"[39m
          [36m>[39m
            [36m<header[39m
              [33mclass[39m=[32m"welcome-header"[39m
            [36m>[39m
              [36m<div[39m
                [33mclass[39m=[32m"logo-container"[39m
              [36m>[39m
                [36m<div[39m
                  [33mclass[39m=[32m"logo-circle"[39m
                [36m/>[39m
                [36m<h1[39m
                  [33mclass[39m=[32m"main-title"[39m
                [36m>[39m
                  [0mSistema de Tutorias ITSJ[0m
                [36m</h1>[39m
              [36m</div>[39m
              [36m<p[39m
                [33mclass[39m=[32m"subtitle"[39m
              [36m/>[39m
            [36m</header>[39m
            [36m<div[39m
              [33mclass[39m=[32m"welcome-card"[39m
            [36m>[39m
              [36m<h2[39m
                [33mclass[39m=[32m"welcome-message"[39m
              [36m>[39m
                [0mBienvenido al Sistema de Tutorias ITSJ[0m
              [36m</h2>[39m
              [36m<p[39m
                [33mclass[39m=[32m"welcome-description"[39m
              [36m>[39m
                [0mAccede con tu cuenta o registrate para comenzar a utilizar todas las funcionalidades del sistema educativo.[0m
              [36m</p>[39m
              [36m<div[39m
                [33mclass[39m=[32m"button-container"[39m
              [36m>[39m
                [36m<button[39m
                  [33mclass[39m=[32m"welcome-button login-btn"[39m
                [36m>[39m
                  [36m<span[39m
                    [33mclass[39m=[32m"button-icon-text"[39m
                  [36m>[39m
                    [0mIniciar Sesion[0m
                  [36m</span>[39m
                [36m</button>[39m
                [36m<button[39m
                  [33mclass[39m=[32m"welcome-button register-btn"[39m
                [36m>[39m
                  [36m<span[39m
                    [33mclass[39m=[32m"button-icon-text"[39m
                  [36m>[39m
                    [0mRegistrarse[0m
                  [36m</span>[39m
                [36m</button>[39m
              [36m</div>[39m
            [36m</div>[39m
            [36m<footer[39m
              [33mclass[39m=[32m"welcome-footer"[39m
            [36m>[39m
              [36m<div[39m
                [33mclass[39m=[32m"footer-content"[39m
              [36m>[39m
                [36m<p>[39m
                  [0mNecesitas ayuda?[0m
                [36m</p>[39m
                [36m<a[39m
                  [33mclass[39m=[32m"footer-link"[39m
                  [33mhref[39m=[32m"#contact"[39m
                [36m>[39m
                  [36m<span[39m
                    [33mclass[39m=[32m"link-text"[39m
                  [36m>[39m
                    [0mContactanos[0m
                  [36m</span>[39m
                [36m</a>[39m
              [36m</div>[39m
            [36m</footer>[39m
          [36m</div>[39m
          [36m<div[39m
            [33mclass[39m=[32m"modal-overlay"[39m
          [36m>[39m
            [36m<div[39m
              [33mclass[39m=[32m"modal-content"[39m
            [36m>[39m
              [36m<div[39m
                [33mclass[39m=[32m"modal-header-section"[39m
              [36m>[39m
                [36m<div[39m
                  [33mclass[39m=[32m"modal-icon-text"[39m
                [36m>[39m
                  [0mCrear Cuenta[0m
                [36m</div>[39m
                [36m<button[39m
                  [33maria-label[39m=[32m"Cerrar"[39m
                  [33mclass[39m=[32m"close-button"[39m
                [36m>[39m
                  [36m<span[39m
                    [33mclass[39m=[32m"close-icon"[39m
                  [36m>[39m
                    [0m├ù[0m
                  [36m</span>[39m
                [36m</button>[39m
                [36m<div[39m
                  [33mclass[39m=[32m"modal-header"[39m
                [36m>[39m
                  [36m<h2>[39m
                    [0mCrear Cuenta[0m
                  [36m</h2>[39m
                  [36m<p>[39m
                    [0mRegistrate para comenzar a usar el sistema[0m
                  [36m</p>[39m
                [36m</div>[39m
              [36m</div>[39m
              [36m<form[39m
                [33mclass[39m=[32m"modal-form"[39m
              [36m>[39m
                [36m<div[39m
                  [33mclass[39m=[32m"form-group"[39m
                [36m>[39m
                  [36m<div[39m
                    [33mclass[39m=[32m"input-container"[39m
                  [36m>[39m
                    [36m<input[39m
                      [33mclass[39m=[32m"form-input"[39m
                      [33mid[39m=[32m"register-nombre"[39m
                      [33mplaceholder[39m=[32m" "[39m
                      [33mtype[39m=[32m"text"[39m
                      [33mvalue[39m=[32m""[39m
                    [36m/>[39m
                    [36m<label[39m
                      [33mclass[39m=[32m"form-label"[39m
                      [33mfor[39m=[32m"register-nombre"[39m
                    [36m>[39m
                      [36m<span[39m
                        [33mclass[39m=[32m"label-text"[39m
                      [36m>[39m
                        [0mNombre Completo[0m
                      [36m</span>[39m
                    [36m</label>[39m
                    [36m<div[39m
                      [33mclass[39m=[32m"input-underline"[39m
                    [36m/>[39m
                  [36m</div>[39m
                [36m</div>[39m
                [36m<div[39m
                  [33mclass[39m=[32m"form-group"[39m
                [36m>[39m
                  [36m<div[39m
                    [33mclass[39m=[32m"input-container"[39m
                  [36m>[39m
                    [36m<input[39m
                      [33mclass[39m=[32m"form-input"[39m
                      [33mid[39m=[32m"register-fecha"[39m
                      [33mmax[39m=[32m"2025-12-07"[39m
                      [33mtype[39m=[32m"date"[39m
                      [33mvalue[39m=[32m""[39m
                    [36m/>[39m
                    [36m<label[39m
                      [33mclass[39m=[32m"form-label form-label-date"[39m
                      [33mfor[39m=[32m"register-fecha"[39m
                    [36m>[39m
                      [36m<span[39m
                        [33mclass[39m=[32m"label-text"[39m
                      [36m>[39m
                        [0mFecha de Nacimiento[0m
                      [36m</span>[39m
                    [36m</label>[39m
                    [36m<div[39m
                      [33mclass[39m=[32m"input-underline"[39m
                    [36m/>[39m
                  [36m</div>[39m
                [36m</div>[39m
                [36m<div[39m
                  [33mclass[39m=[32m"form-group"[39m
                [36m>[39m
                  [36m<div[39m
                    [33mclass[39m=[32m"input-container"[39m
                  [36m>[39m
                    [36m<input[39m
                      [33mclass[39m=[32m"form-input"[39m
                      [33mid[39m=[32m"register-username"[39m
                      [33mplaceholder[39m=[32m" "[39m
                      [33mtype[39m=[32m"text"[39m
                      [33mvalue[39m=[32m""[39m
                    [36m/>[39m
                    [36m<label[39m
                      [33mclass[39m=[32m"form-label"[39m
                      [33mfor[39m=[32m"register-username"[39m
                    [36m>[39m
                      [36m<span[39m
                        [33mclass[39m=[32m"label-text"[39m
                      [36m>[39m
                        [0mUsuario[0m
                      [36m</span>[39m
                    [36m</label>[39m
                    [36m<div[39m
                      [33mclass[39m=[32m"input-underline"[39m
                    [36m/>[39m
                  [36m</div>[39m
                [36m</div>[39m
                [36m<div[39m
                  [33mclass[39m=[32m"form-group"[39m
                [36m>[39m
                  [36m<div[39m
                    [33mclass[39m=[32m"input-container"[39m
                  [36m>[39m
                    [36m<input[39m
                      [33mclass[39m=[32m"form-input"[39m
                      [33mid[39m=[32m"register-email"[39m
                      [33mplaceholder[39m=[32m" "[39m
                      [33mtype[39m=[32m"email"[39m
                      [33mvalue[39m=[32m""[39m
                    [36m/>[39m
                    [36m<label[39m
                      [33mclass[39m=[32m"form-label"[39m
                      [33mfor[39m=[32m"register-email"[39m
                    [36m>[39m
                      [36m<span[39m
                        [33mclass[39m=[32m"label-text"[39m
                      [36m>[39m
                        [0mEmail[0m
                      [36m</span>[39m
                    [36m</label>[39m
                    [36m<div[39m
                      [33mclass[39m=[32m"input-underline"[39m
                    [36m/>[39m
                  [36m</div>[39m
                [36m</div>[39m
                [36m<div[39m
                  [33mclass[39m=[32m"form-group"[39m
                [36m>[39m
                  [36m<div[39m
                    [33mclass[39m=[32m"input-container"[39m
                  [36m>[39m
                    [36m<input[39m
                      [33mclass[39m=[32m"form-input"[39m
                      [33mid[39m=[32m"register-password"[39m
                      [33mplaceholder[39m=[32m" "[39m
                      [33mtype[39m=[32m"password"[39m
                      [33mvalue[39m=[32m""[39m
                    [36m/>[39m
                    [36m<label[39m
                      [33mclass[39m=[32m"form-label"[39m
                      [33mfor[39m=[32m"register-password"[39m
                    [36m>[39m
                      [36m<span[39m
                        [33mclass[39m=[32m"label-text"[39m
                      [36m>[39m
                        [0mContrasena[0m
                      [36m</span>[39m
                    [36m</label>[39m
                    [36m<div[39m
                      [33mclass[39m=[32m"input-underline"[39m
                    [36m/>[39m
                  [36m</div>[39m
                [36m</div>[39m
                [36m<div[39m
                  [33mclass[39m=[32m"form-group"[39m
                [36m>[39m
                  [36m<div[39m
                    [33mclass[39m=[32m"input-container"[39m
                  [36m>[39m
                    [36m<input[39m
                      [33mclass[39m=[32m"form-input"[39m
                      [33mid[39m=[32m"register-confirm-password"[39m
                      [33mplaceholder[39m=[32m" "[39m
                      [33mtype[39m=[32m"password"[39m
                      [33mvalue[39m=[32m""[39m
                    [36m/>[39m
                    [36m<label[39m
                      [33mclass[39m=[32m"form-label"[39m
                      [33mfor[39m=[32m"register-confirm-password"[39m
                    [36m>[39m
                      [36m<span[39m
                        [33mclass[39m=[32m"label-text"[39m
                      [36m>[39m
                        [0mConfirmar Contrasena[0m
                      [36m</span>[39m
                    [36m</label>[39m
                    [36m<div[39m
                      [33mclass[39m=[32m"input-underline"[39m
                    [36m/>[39m
                  [36m</div>[39m
                [36m</div>[39m
                [36m<div[39m
                  [33mclass[39m=[32m"form-group"[39m
                [36m>[39m
                  [36m<label[39m
                    [33mclass[39m=[32m"section-label"[39m
                  [36m>[39m
                    [36m<span[39m
                      [33mclass[39m=[32m"label-text"[39m
                    [36m>[39m
                      [0mSelecciona tu rol[0m
                    [36m</span>[39m
                  [36m</label>[39m
                  [36m<div[39m
                    [33mclass[39m=[32m"role-selector"[39m
                  [36m>[39m
                    [36m<div[39m
                      [33mclass[39m=[32m"radio-group"[39m
                    [36m>[39m
                      [36m<label[39m
                        [33mclass[39m=[32m"radio-option radio-admin "[39m
                      [36m>[39m
                        [36m<input[39m
                          [33mclass[39m=[32m"radio-input"[39m
                          [33mname[39m=[32m"register-role"[39m
                          [33mtype[39m=[32m"radio"[39m
                          [33mvalue[39m=[32m"administrador"[39m
                        [36m/>[39m
                        [36m<span[39m
                          [33mclass[39m=[32m"radio-label"[39m
                        [36m>[39m
                          [36m<span[39m
                            [33mclass[39m=[32m"role-text"[39m
                          [36m>[39m
                            [36m<span[39m
                              [33mclass[39m=[32m"role-title"[39m
                            [36m>[39m
                              [0mAdministrador[0m
                            [36m</span>[39m
                            [36m<span[39m
                              [33mclass[39m=[32m"role-desc"[39m
                            [36m>[39m
                              [0mAcceso completo[0m
                            [36m</span>[39m
                          [36m</span>[39m
                        [36m</span>[39m
                      [36m</label>[39m
                      [36m<label[39m
                        [33mclass[39m=[32m"radio-option radio-tutor "[39m
                      [36m>[39m
                        [36m<input[39m
                          [33mclass[39m=[32m"radio-input"[39m
                          [33mname[39m=[32m"register-role"[39m
                          [33mtype[39m=[32m"radio"[39m
                          [33mvalue[39m=[32m"tutor"[39m
                        [36m/>[39m
                        [36m<span[39m
                          [33mclass[39m=[32m"radio-label"[39m
                        [36m>[39m
                          [36m<span[39m
                            [33mclass[39m=[32m"role-text"[39m
                          [36m>[39m
                            [36m<span[39m
                              [33mclass[39m=[32m"role-title"[39m
                            [36m>[39m
                              [0mTutor[0m
                            [36m</span>[39m
                            [36m<span[39m
                              [33mclass[39m=[32m"role-desc"[39m
                            [36m>[39m
                              [0mGestion de alumnos[0m
                            [36m</span>[39m
                          [36m</span>[39m
                        [36m</span>[39m
                      [36m</label>[39m
                      [36m<label[39m
                        [33mclass[39m=[32m"radio-option radio-alumno selected"[39m
                      [36m>[39m
                        [36m<input[39m
                          [33mchecked[39m=[32m""[39m
                          [33mclass[39m=[32m"radio-input"[39m
                          [33mname[39m=[32m"register-role"[39m
                          [33mtype[39m=[32m"radio"[39m
                          [33mvalue[39m=[32m"alumno"[39m
                        [36m/>[39m
                        [36m<span[39m
                          [33mclass[39m=[32m"radio-label"[39m
                        [36m>[39m
                          [36m<span[39m
                            [33mclass[39m=[32m"role-text"[39m
                          [36m>[39m
                            [36m<span[39m
                              [33mclass[39m=[32m"role-title"[39m
                            [36m>[39m
                              [0mAlumno[0m
                            [36m</span>[39m
                            [36m<span[39m
                              [33mclass[39m=[32m"role-desc"[39m
                            [36m>[39m
                              [0mAcceso estudiante[0m
                            [36m</span>[39m
                          [36m</span>[39m
                        [36m</span>[39m
                      [36m</label>[39m
                    [36m</div>[39m
                  [36m</div>[39m
                [36m</div>[39m
                [36m<button[39m
                  [33mclass[39m=[32m"submit-button "[39m
                  [33mtype[39m=[32m"submit"[39m
                [36m>[39m
                  [36m<span[39m
                    [33mclass[39m=[32m"button-text"[39m
                  [36m>[39m
                    [0mCrear Cuenta[0m
                  [36m</span>[39m
                  [36m<div[39m
                    [33mclass[39m=[32m"button-loader"[39m
                  [36m>[39m
                    [36m<div[39m
                      [33mclass[39m=[32m"spinner"[39m
                    [36m/>[39m
                  [36m</div>[39m
                  [36m<div[39m
                    [33mclass[39m=[32m"button-glow"[39m
                  [36m/>[39m
                [36m</button>[39m
              [36m</form>[39m
              [36m<div[39m
                [33mclass[39m=[32m"modal-footer"[39m
              [36m>[39m
                [36m<p>[39m
                  [0mYa tienes cuenta?[0m
                  [0m [0m
                  [36m<button[39m
                    [33mclass[39m=[32m"link-button"[39m
                  [36m>[39m
                    [0mInicia sesion aqui[0m
                  [36m</button>[39m
                [36m</p>[39m
              [36m</div>[39m
            [36m</div>[39m
          [36m</div>[39m
        [36m</div>[39m
      [36m</div>[39m
    [36m</body>[39m

    [0m [90m 239 |[39m     [36mawait[39m user[33m.[39mclick(screen[33m.[39mgetByText([35m/Registrarse/i[39m))[33m;[39m
     [90m 240 |[39m     
    [31m[1m>[22m[39m[90m 241 |[39m     [36mconst[39m usernameInput [33m=[39m 
screen[33m.[39mgetByPlaceholderText([35m/Usuario/i[39m)[33m;[39m
     [90m     |[39m                                  [31m[1m^[22m[39m
     [90m 242 |[39m     [36mconst[39m submitButton [33m=[39m screen[33m.[39mgetByRole([32m'button'[39m[33m,[39m { name[33m:[39m 
[35m/Registrarse/i[39m })[33m;[39m
     [90m 243 |[39m     
     [90m 244 |[39m     [36mawait[39m user[33m.[39mtype(usernameInput[33m,[39m [32m'ab'[39m)[33m;[39m[0m

      at Object.getElementError (node_modules/@testing-library/dom/dist/config.js:37:19)
      at node_modules/@testing-library/dom/dist/query-helpers.js:76:38
      at node_modules/@testing-library/dom/dist/query-helpers.js:52:17
      at node_modules/@testing-library/dom/dist/query-helpers.js:95:19
      at Object.getByPlaceholderText (src/tests/components/Login.test.jsx:241:34)

  ÔùÅ Login Component ÔÇ║ debe cerrar modal al hacer click en cerrar

    TestingLibraryElementError: Unable to find an element with the text: /Iniciar Sesi├│n/i. This could be because the text is broken up by multiple 
elements. In this case, you can provide a function for your text matcher to make your matcher more flexible.

    Ignored nodes: comments, script, style
    [36m<body>[39m
      [36m<div>[39m
        [36m<div[39m
          [33mclass[39m=[32m"welcome-container"[39m
        [36m>[39m
          [36m<div[39m
            [33mclass[39m=[32m"animated-background"[39m
          [36m>[39m
            [36m<div[39m
              [33mclass[39m=[32m"particle"[39m
            [36m/>[39m
            [36m<div[39m
              [33mclass[39m=[32m"particle"[39m
            [36m/>[39m
            [36m<div[39m
              [33mclass[39m=[32m"particle"[39m
            [36m/>[39m
            [36m<div[39m
              [33mclass[39m=[32m"particle"[39m
            [36m/>[39m
            [36m<div[39m
              [33mclass[39m=[32m"particle"[39m
            [36m/>[39m
            [36m<div[39m
              [33mclass[39m=[32m"particle"[39m
            [36m/>[39m
            [36m<div[39m
              [33mclass[39m=[32m"particle"[39m
            [36m/>[39m
            [36m<div[39m
              [33mclass[39m=[32m"particle"[39m
            [36m/>[39m
          [36m</div>[39m
          [36m<div[39m
            [33mclass[39m=[32m"welcome-content"[39m
          [36m>[39m
            [36m<header[39m
              [33mclass[39m=[32m"welcome-header"[39m
            [36m>[39m
              [36m<div[39m
                [33mclass[39m=[32m"logo-container"[39m
              [36m>[39m
                [36m<div[39m
                  [33mclass[39m=[32m"logo-circle"[39m
                [36m/>[39m
                [36m<h1[39m
                  [33mclass[39m=[32m"main-title"[39m
                [36m>[39m
                  [0mSistema de Tutorias ITSJ[0m
                [36m</h1>[39m
              [36m</div>[39m
              [36m<p[39m
                [33mclass[39m=[32m"subtitle"[39m
              [36m/>[39m
            [36m</header>[39m
            [36m<div[39m
              [33mclass[39m=[32m"welcome-card"[39m
            [36m>[39m
              [36m<h2[39m
                [33mclass[39m=[32m"welcome-message"[39m
              [36m>[39m
                [0mBienvenido al Sistema de Tutorias ITSJ[0m
              [36m</h2>[39m
              [36m<p[39m
                [33mclass[39m=[32m"welcome-description"[39m
              [36m>[39m
                [0mAccede con tu cuenta o registrate para comenzar a utilizar todas las funcionalidades del sistema educativo.[0m
              [36m</p>[39m
              [36m<div[39m
                [33mclass[39m=[32m"button-container"[39m
              [36m>[39m
                [36m<button[39m
                  [33mclass[39m=[32m"welcome-button login-btn"[39m
                [36m>[39m
                  [36m<span[39m
                    [33mclass[39m=[32m"button-icon-text"[39m
                  [36m>[39m
                    [0mIniciar Sesion[0m
                  [36m</span>[39m
                [36m</button>[39m
                [36m<button[39m
                  [33mclass[39m=[32m"welcome-button register-btn"[39m
                [36m>[39m
                  [36m<span[39m
                    [33mclass[39m=[32m"button-icon-text"[39m
                  [36m>[39m
                    [0mRegistrarse[0m
                  [36m</span>[39m
                [36m</button>[39m
              [36m</div>[39m
            [36m</div>[39m
            [36m<footer[39m
              [33mclass[39m=[32m"welcome-footer"[39m
            [36m>[39m
              [36m<div[39m
                [33mclass[39m=[32m"footer-content"[39m
              [36m>[39m
                [36m<p>[39m
                  [0mNecesitas ayuda?[0m
                [36m</p>[39m
                [36m<a[39m
                  [33mclass[39m=[32m"footer-link"[39m
                  [33mhref[39m=[32m"#contact"[39m
                [36m>[39m
                  [36m<span[39m
                    [33mclass[39m=[32m"link-text"[39m
                  [36m>[39m
                    [0mContactanos[0m
                  [36m</span>[39m
                [36m</a>[39m
              [36m</div>[39m
            [36m</footer>[39m
          [36m</div>[39m
        [36m</div>[39m
      [36m</div>[39m
    [36m</body>[39m

    [0m [90m 254 |[39m     render([33m<[39m[33mLogin[39m onLoginSuccess[33m=[39m{mockOnLoginSuccess} [33m/[39m[33m>[39m)[33m;[39m
     [90m 255 |[39m     
    [31m[1m>[22m[39m[90m 256 |[39m     [36mawait[39m user[33m.[39mclick(screen[33m.[39mgetByText([35m/Iniciar Sesi├│n/i[39m))[33m;[39m
     [90m     |[39m                             [31m[1m^[22m[39m
     [90m 257 |[39m     expect(screen[33m.[39mgetByPlaceholderText([35m/Usuario/i[39m))[33m.[39mtoBeInTheDocument()[33m;[39m
     [90m 258 |[39m     
     [90m 259 |[39m     [36mconst[39m closeButton [33m=[39m screen[33m.[39mgetByText([32m'├ù'[39m)[33m;[39m[0m

      at Object.getElementError (node_modules/@testing-library/dom/dist/config.js:37:19)
      at node_modules/@testing-library/dom/dist/query-helpers.js:76:38
      at node_modules/@testing-library/dom/dist/query-helpers.js:52:17
      at node_modules/@testing-library/dom/dist/query-helpers.js:95:19
      at Object.getByText (src/tests/components/Login.test.jsx:256:29)

----------------------|---------|----------|---------|---------|------------------------------------------
File                  | % Stmts | % Branch | % Funcs | % Lines | Uncovered Line #s                        
----------------------|---------|----------|---------|---------|------------------------------------------
All files             |    7.55 |     2.72 |     2.5 |     7.9 |                                          
 src                  |       0 |        0 |       0 |       0 |                                          
  App.jsx             |       0 |        0 |       0 |       0 | 8-46                                     
 src/config           |       0 |        0 |     100 |       0 |                                          
  api.js              |       0 |        0 |     100 |       0 | 1                                        
 src/pages            |    8.41 |     2.81 |    2.66 |     8.8 |                                          
  DashboardAdmin.jsx  |       0 |        0 |       0 |       0 | 6-375                                    
  DashboardAlumno.jsx |       0 |        0 |       0 |       0 | 6-410                                    
  DashboardTutor.jsx  |       0 |        0 |       0 |       0 | 6-354                                    
  Login.jsx           |   15.59 |     12.5 |    8.33 |   15.59 | 19-62,67-134,139-148,152-153,191,216-515 
----------------------|---------|----------|---------|---------|------------------------------------------
Jest: "global" coverage threshold for statements (60%) not met: 7.55%
Jest: "global" coverage threshold for branches (60%) not met: 2.72%
Jest: "global" coverage threshold for lines (60%) not met: 7.9%
Jest: "global" coverage threshold for functions (60%) not met: 2.5%
Test Suites: 2 failed, 2 total
Tests:       11 failed, 1 passed, 12 total
Snapshots:   0 total
Time:        5.599 s
Ran all test suites.
